Component: ARM Compiler 5.05 update 2 (build 169) Tool: armlink [4d0f33]

==============================================================================

Section Cross References

    startup_stm32f429_439xx.o(RESET) refers to startup_stm32f429_439xx.o(STACK) for __initial_sp
    startup_stm32f429_439xx.o(RESET) refers to startup_stm32f429_439xx.o(.text) for Reset_Handler
    startup_stm32f429_439xx.o(RESET) refers to stm32f4xx_it.o(i.NMI_Handler) for NMI_Handler
    startup_stm32f429_439xx.o(RESET) refers to stm32f4xx_it.o(i.HardFault_Handler) for HardFault_Handler
    startup_stm32f429_439xx.o(RESET) refers to stm32f4xx_it.o(i.MemManage_Handler) for MemManage_Handler
    startup_stm32f429_439xx.o(RESET) refers to stm32f4xx_it.o(i.BusFault_Handler) for BusFault_Handler
    startup_stm32f429_439xx.o(RESET) refers to stm32f4xx_it.o(i.UsageFault_Handler) for UsageFault_Handler
    startup_stm32f429_439xx.o(RESET) refers to stm32f4xx_it.o(i.SVC_Handler) for SVC_Handler
    startup_stm32f429_439xx.o(RESET) refers to stm32f4xx_it.o(i.DebugMon_Handler) for DebugMon_Handler
    startup_stm32f429_439xx.o(RESET) refers to os_cpu_a.o(CODE) for OS_CPU_PendSVHandler
    startup_stm32f429_439xx.o(RESET) refers to os_cpu_c.o(i.OS_CPU_SysTickHandler) for OS_CPU_SysTickHandler
    startup_stm32f429_439xx.o(.text) refers to system_stm32f4xx.o(i.SystemInit) for SystemInit
    startup_stm32f429_439xx.o(.text) refers to entry.o(.ARM.Collect$$$$00000000) for __main
    system_stm32f4xx.o(i.SystemCoreClockUpdate) refers to system_stm32f4xx.o(.data) for SystemCoreClock
    system_stm32f4xx.o(i.SystemInit) refers to system_stm32f4xx.o(i.SetSysClock) for SetSysClock
    stm32f4xx_adc.o(i.ADC_DeInit) refers to stm32f4xx_rcc.o(i.RCC_APB2PeriphResetCmd) for RCC_APB2PeriphResetCmd
    stm32f4xx_can.o(i.CAN_DeInit) refers to stm32f4xx_rcc.o(i.RCC_APB1PeriphResetCmd) for RCC_APB1PeriphResetCmd
    stm32f4xx_can.o(i.CAN_GetITStatus) refers to stm32f4xx_can.o(i.CheckITStatus) for CheckITStatus
    stm32f4xx_cryp.o(i.CRYP_DeInit) refers to stm32f4xx_rcc.o(i.RCC_AHB2PeriphResetCmd) for RCC_AHB2PeriphResetCmd
    stm32f4xx_cryp_aes.o(i.CRYP_AES_CBC) refers to stm32f4xx_cryp.o(i.CRYP_KeyStructInit) for CRYP_KeyStructInit
    stm32f4xx_cryp_aes.o(i.CRYP_AES_CBC) refers to stm32f4xx_cryp.o(i.CRYP_FIFOFlush) for CRYP_FIFOFlush
    stm32f4xx_cryp_aes.o(i.CRYP_AES_CBC) refers to stm32f4xx_cryp.o(i.CRYP_Init) for CRYP_Init
    stm32f4xx_cryp_aes.o(i.CRYP_AES_CBC) refers to stm32f4xx_cryp.o(i.CRYP_KeyInit) for CRYP_KeyInit
    stm32f4xx_cryp_aes.o(i.CRYP_AES_CBC) refers to stm32f4xx_cryp.o(i.CRYP_Cmd) for CRYP_Cmd
    stm32f4xx_cryp_aes.o(i.CRYP_AES_CBC) refers to stm32f4xx_cryp.o(i.CRYP_GetFlagStatus) for CRYP_GetFlagStatus
    stm32f4xx_cryp_aes.o(i.CRYP_AES_CBC) refers to stm32f4xx_cryp.o(i.CRYP_IVInit) for CRYP_IVInit
    stm32f4xx_cryp_aes.o(i.CRYP_AES_CBC) refers to stm32f4xx_cryp.o(i.CRYP_GetCmdStatus) for CRYP_GetCmdStatus
    stm32f4xx_cryp_aes.o(i.CRYP_AES_CBC) refers to stm32f4xx_cryp.o(i.CRYP_DataIn) for CRYP_DataIn
    stm32f4xx_cryp_aes.o(i.CRYP_AES_CBC) refers to stm32f4xx_cryp.o(i.CRYP_DataOut) for CRYP_DataOut
    stm32f4xx_cryp_aes.o(i.CRYP_AES_CCM) refers to stm32f4xx_cryp.o(i.CRYP_KeyStructInit) for CRYP_KeyStructInit
    stm32f4xx_cryp_aes.o(i.CRYP_AES_CCM) refers to stm32f4xx_cryp.o(i.CRYP_FIFOFlush) for CRYP_FIFOFlush
    stm32f4xx_cryp_aes.o(i.CRYP_AES_CCM) refers to stm32f4xx_cryp.o(i.CRYP_KeyInit) for CRYP_KeyInit
    stm32f4xx_cryp_aes.o(i.CRYP_AES_CCM) refers to stm32f4xx_cryp.o(i.CRYP_IVInit) for CRYP_IVInit
    stm32f4xx_cryp_aes.o(i.CRYP_AES_CCM) refers to stm32f4xx_cryp.o(i.CRYP_Init) for CRYP_Init
    stm32f4xx_cryp_aes.o(i.CRYP_AES_CCM) refers to stm32f4xx_cryp.o(i.CRYP_PhaseConfig) for CRYP_PhaseConfig
    stm32f4xx_cryp_aes.o(i.CRYP_AES_CCM) refers to stm32f4xx_cryp.o(i.CRYP_DataIn) for CRYP_DataIn
    stm32f4xx_cryp_aes.o(i.CRYP_AES_CCM) refers to stm32f4xx_cryp.o(i.CRYP_Cmd) for CRYP_Cmd
    stm32f4xx_cryp_aes.o(i.CRYP_AES_CCM) refers to stm32f4xx_cryp.o(i.CRYP_GetCmdStatus) for CRYP_GetCmdStatus
    stm32f4xx_cryp_aes.o(i.CRYP_AES_CCM) refers to stm32f4xx_cryp.o(i.CRYP_GetFlagStatus) for CRYP_GetFlagStatus
    stm32f4xx_cryp_aes.o(i.CRYP_AES_CCM) refers to stm32f4xx_cryp.o(i.CRYP_DataOut) for CRYP_DataOut
    stm32f4xx_cryp_aes.o(i.CRYP_AES_CTR) refers to stm32f4xx_cryp.o(i.CRYP_KeyStructInit) for CRYP_KeyStructInit
    stm32f4xx_cryp_aes.o(i.CRYP_AES_CTR) refers to stm32f4xx_cryp.o(i.CRYP_KeyInit) for CRYP_KeyInit
    stm32f4xx_cryp_aes.o(i.CRYP_AES_CTR) refers to stm32f4xx_cryp.o(i.CRYP_Init) for CRYP_Init
    stm32f4xx_cryp_aes.o(i.CRYP_AES_CTR) refers to stm32f4xx_cryp.o(i.CRYP_IVInit) for CRYP_IVInit
    stm32f4xx_cryp_aes.o(i.CRYP_AES_CTR) refers to stm32f4xx_cryp.o(i.CRYP_FIFOFlush) for CRYP_FIFOFlush
    stm32f4xx_cryp_aes.o(i.CRYP_AES_CTR) refers to stm32f4xx_cryp.o(i.CRYP_Cmd) for CRYP_Cmd
    stm32f4xx_cryp_aes.o(i.CRYP_AES_CTR) refers to stm32f4xx_cryp.o(i.CRYP_GetCmdStatus) for CRYP_GetCmdStatus
[...]
    ..\\..\\Libraries\\STM32F4xx_StdPeriph_Driver\\src\\stm32f4xx_ltdc.c 0x00000000   Number         0  stm32f4xx_ltdc.o ABSOLUTE
    ..\\..\\Libraries\\STM32F4xx_StdPeriph_Driver\\src\\stm32f4xx_pwr.c 0x00000000   Number         0  stm32f4xx_pwr.o ABSOLUTE
    ..\\..\\Libraries\\STM32F4xx_StdPeriph_Driver\\src\\stm32f4xx_qspi.c 0x00000000   Number         0  stm32f4xx_qspi.o ABSOLUTE
    ..\\..\\Libraries\\STM32F4xx_StdPeriph_Driver\\src\\stm32f4xx_rcc.c 0x00000000   Number         0  stm32f4xx_rcc.o ABSOLUTE
    ..\\..\\Libraries\\STM32F4xx_StdPeriph_Driver\\src\\stm32f4xx_rng.c 0x00000000   Number         0  stm32f4xx_rng.o ABSOLUTE
    ..\\..\\Libraries\\STM32F4xx_StdPeriph_Driver\\src\\stm32f4xx_rtc.c 0x00000000   Number         0  stm32f4xx_rtc.o ABSOLUTE
    ..\\..\\Libraries\\STM32F4xx_StdPeriph_Driver\\src\\stm32f4xx_sai.c 0x00000000   Number         0  stm32f4xx_sai.o ABSOLUTE
    ..\\..\\Libraries\\STM32F4xx_StdPeriph_Driver\\src\\stm32f4xx_sdio.c 0x00000000   Number         0  stm32f4xx_sdio.o ABSOLUTE
    ..\\..\\Libraries\\STM32F4xx_StdPeriph_Driver\\src\\stm32f4xx_spdifrx.c 0x00000000   Number         0  stm32f4xx_spdifrx.o ABSOLUTE
    ..\\..\\Libraries\\STM32F4xx_StdPeriph_Driver\\src\\stm32f4xx_spi.c 0x00000000   Number         0  stm32f4xx_spi.o ABSOLUTE
    ..\\..\\Libraries\\STM32F4xx_StdPeriph_Driver\\src\\stm32f4xx_syscfg.c 0x00000000   Number         0  stm32f4xx_syscfg.o ABSOLUTE
    ..\\..\\Libraries\\STM32F4xx_StdPeriph_Driver\\src\\stm32f4xx_tim.c 0x00000000   Number         0  stm32f4xx_tim.o ABSOLUTE
    ..\\..\\Libraries\\STM32F4xx_StdPeriph_Driver\\src\\stm32f4xx_usart.c 0x00000000   Number         0  stm32f4xx_usart.o ABSOLUTE
    ..\\..\\Libraries\\STM32F4xx_StdPeriph_Driver\\src\\stm32f4xx_wwdg.c 0x00000000   Number         0  stm32f4xx_wwdg.o ABSOLUTE
    ..\\..\\USER\\stm32f4xx_it.c             0x00000000   Number         0  stm32f4xx_it.o ABSOLUTE
    ..\\..\\User\\APP\\app.c                 0x00000000   Number         0  app.o ABSOLUTE
    ..\\..\\User\\BSP\\Key\\bsp_key.c        0x00000000   Number         0  bsp_key.o ABSOLUTE
    ..\\..\\User\\BSP\\beep\\bsp_beep.c      0x00000000   Number         0  bsp_beep.o ABSOLUTE
    ..\\..\\User\\BSP\\bsp.c                 0x00000000   Number         0  bsp.o ABSOLUTE
    ..\\..\\User\\BSP\\led\\bsp_led.c        0x00000000   Number         0  bsp_led.o ABSOLUTE
    ..\\..\\User\\BSP\\usart\\bsp_usart.c    0x00000000   Number         0  bsp_usart.o ABSOLUTE
    dc.s                                     0x00000000   Number         0  dc.o ABSOLUTE
    handlers.s                               0x00000000   Number         0  handlers.o ABSOLUTE
    init.s                                   0x00000000   Number         0  init.o ABSOLUTE
    RESET                                    0x08000000   Section      428  startup_stm32f429_439xx.o(RESET)
    .ARM.Collect$$$$00000000                 0x080001ac   Section        0  entry.o(.ARM.Collect$$$$00000000)
    .ARM.Collect$$$$00000001                 0x080001ac   Section        4  entry2.o(.ARM.Collect$$$$00000001)
    .ARM.Collect$$$$00000004                 0x080001b0   Section        4  entry5.o(.ARM.Collect$$$$00000004)
    .ARM.Collect$$$$00000008                 0x080001b4   Section        0  entry7b.o(.ARM.Collect$$$$00000008)
    .ARM.Collect$$$$0000000A                 0x080001b4   Section        0  entry8b.o(.ARM.Collect$$$$0000000A)
    .ARM.Collect$$$$0000000B                 0x080001b4   Section        8  entry9a.o(.ARM.Collect$$$$0000000B)
    .ARM.Collect$$$$0000000D                 0x080001bc   Section        0  entry10a.o(.ARM.Collect$$$$0000000D)
    .ARM.Collect$$$$0000000F                 0x080001bc   Section        0  entry11a.o(.ARM.Collect$$$$0000000F)
    .ARM.Collect$$$$00002712                 0x080001bc   Section        4  entry2.o(.ARM.Collect$$$$00002712)
    __lit__00000000                          0x080001bc   Data           4  entry2.o(.ARM.Collect$$$$00002712)
    .text                                    0x080001c0   Section       76  startup_stm32f429_439xx.o(.text)
    $v0                                      0x080001c0   Number         0  startup_stm32f429_439xx.o(.text)
    .text                                    0x0800020c   Section       52  cpu_a.o(.text)
    $v0                                      0x0800020c   Number         0  cpu_a.o(.text)
    .text                                    0x08000240   Section       36  init.o(.text)
    CODE                                     0x08000264   Section      268  os_cpu_a.o(CODE)
    $v0                                      0x08000264   Number         0  os_cpu_a.o(CODE)
    i.AppTaskLed1                            0x08000370   Section        0  app.o(i.AppTaskLed1)
    AppTaskLed1                              0x08000371   Thumb Code   182  app.o(i.AppTaskLed1)
    i.AppTaskLed2                            0x08000434   Section        0  app.o(i.AppTaskLed2)
    AppTaskLed2                              0x08000435   Thumb Code   170  app.o(i.AppTaskLed2)
    i.AppTaskLed3                            0x080004ec   Section        0  app.o(i.AppTaskLed3)
    AppTaskLed3                              0x080004ed   Thumb Code   166  app.o(i.AppTaskLed3)
    i.AppTaskStart                           0x080005a0   Section        0  app.o(i.AppTaskStart)
    AppTaskStart                             0x080005a1   Thumb Code   202  app.o(i.AppTaskStart)
    i.BEEP_GPIO_Config                       0x080006c4   Section        0  bsp_beep.o(i.BEEP_GPIO_Config)
    i.BSP_CPU_ClkFreq                        0x08000704   Section        0  bsp.o(i.BSP_CPU_ClkFreq)
    i.BSP_Init                               0x08000712   Section        0  bsp.o(i.BSP_Init)
    i.BusFault_Handler                       0x08000726   Section        0  stm32f4xx_it.o(i.BusFault_Handler)
    i.CPU_Init                               0x0800072a   Section        0  cpu_core.o(i.CPU_Init)
    i.CPU_IntDisMeasInit                     0x0800073c   Section        0  cpu_core.o(i.CPU_IntDisMeasInit)
    CPU_IntDisMeasInit                       0x0800073d   Thumb Code   104  cpu_core.o(i.CPU_IntDisMeasInit)
    i.CPU_IntDisMeasMaxCalc                  0x080007c0   Section        0  cpu_core.o(i.CPU_IntDisMeasMaxCalc)
    CPU_IntDisMeasMaxCalc                    0x080007c1   Thumb Code    24  cpu_core.o(i.CPU_IntDisMeasMaxCalc)
    i.CPU_IntDisMeasMaxCurGet                0x080007dc   Section        0  cpu_core.o(i.CPU_IntDisMeasMaxCurGet)
    i.CPU_IntDisMeasMaxCurReset              0x08000808   Section        0  cpu_core.o(i.CPU_IntDisMeasMaxCurReset)
    i.CPU_IntDisMeasMaxGet                   0x08000834   Section        0  cpu_core.o(i.CPU_IntDisMeasMaxGet)
    i.CPU_IntDisMeasStart                    0x08000860   Section        0  cpu_core.o(i.CPU_IntDisMeasStart)
    i.CPU_IntDisMeasStop                     0x08000894   Section        0  cpu_core.o(i.CPU_IntDisMeasStop)
    i.CPU_NameClr                            0x080008e8   Section        0  cpu_core.o(i.CPU_NameClr)
    i.CPU_NameInit                           0x08000920   Section        0  cpu_core.o(i.CPU_NameInit)
    CPU_NameInit                             0x08000921   Thumb Code     8  cpu_core.o(i.CPU_NameInit)
    i.CPU_SW_Exception                       0x08000928   Section        0  cpu_core.o(i.CPU_SW_Exception)
    i.CPU_TS_Init                            0x0800092c   Section        0  cpu_core.o(i.CPU_TS_Init)
    CPU_TS_Init                              0x0800092d   Thumb Code    14  cpu_core.o(i.CPU_TS_Init)
    i.CPU_TS_TmrFreqSet                      0x08000940   Section        0  cpu_core.o(i.CPU_TS_TmrFreqSet)
    i.CPU_TS_TmrInit                         0x0800094c   Section        0  bsp.o(i.CPU_TS_TmrInit)
    i.CPU_TS_TmrRd                           0x08000980   Section        0  bsp.o(i.CPU_TS_TmrRd)
    i.DebugMon_Handler                       0x0800098c   Section        0  stm32f4xx_it.o(i.DebugMon_Handler)
    i.GPIO_Init                              0x0800098e   Section        0  stm32f4xx_gpio.o(i.GPIO_Init)
    i.GPIO_PinAFConfig                       0x08000a1e   Section        0  stm32f4xx_gpio.o(i.GPIO_PinAFConfig)
    i.GPIO_ResetBits                         0x08000a64   Section        0  stm32f4xx_gpio.o(i.GPIO_ResetBits)
    i.HardFault_Handler                      0x08000a68   Section        0  stm32f4xx_it.o(i.HardFault_Handler)
    i.Key1_Config                            0x08000a6c   Section        0  bsp_key.o(i.Key1_Config)
    Key1_Config                              0x08000a6d   Thumb Code    34  bsp_key.o(i.Key1_Config)
    i.Key2_Config                            0x08000a94   Section        0  bsp_key.o(i.Key2_Config)
    Key2_Config                              0x08000a95   Thumb Code    36  bsp_key.o(i.Key2_Config)
    i.Key_Initial                            0x08000abc   Section        0  bsp_key.o(i.Key_Initial)
    i.LED_GPIO_Config                        0x08000ac8   Section        0  bsp_led.o(i.LED_GPIO_Config)
    i.MemManage_Handler                      0x08000b2c   Section        0  stm32f4xx_it.o(i.MemManage_Handler)
    i.Mem_Clr                                0x08000b30   Section        0  lib_mem.o(i.Mem_Clr)
    i.Mem_Init                               0x08000b44   Section        0  lib_mem.o(i.Mem_Init)
    i.Mem_SegCreate                          0x08000b90   Section        0  lib_mem.o(i.Mem_SegCreate)
    i.Mem_SegCreateCritical                  0x08000be4   Section        0  lib_mem.o(i.Mem_SegCreateCritical)
    Mem_SegCreateCritical                    0x08000be5   Thumb Code    28  lib_mem.o(i.Mem_SegCreateCritical)
    i.Mem_Set                                0x08000c04   Section        0  lib_mem.o(i.Mem_Set)
    i.NMI_Handler                            0x08000c58   Section        0  stm32f4xx_it.o(i.NMI_Handler)
    i.OSCfg_Init                             0x08000c5a   Section        0  os_cfg_app.o(i.OSCfg_Init)
    i.OSIdleTaskHook                         0x08000c5c   Section        0  os_cpu_c.o(i.OSIdleTaskHook)
    i.OSInit                                 0x08000c70   Section        0  os_core.o(i.OSInit)
    i.OSInitHook                             0x08000df0   Section        0  os_cpu_c.o(i.OSInitHook)
    i.OSIntEnter                             0x08000e18   Section        0  os_core.o(i.OSIntEnter)
    i.OSIntExit                              0x08000e44   Section        0  os_core.o(i.OSIntExit)
    i.OSMutexCreate                          0x08000f20   Section        0  os_mutex.o(i.OSMutexCreate)
    i.OSMutexPend                            0x08000f98   Section        0  os_mutex.o(i.OSMutexPend)
    i.OSMutexPost                            0x08001188   Section        0  os_mutex.o(i.OSMutexPost)
    i.OSSched                                0x08001328   Section        0  os_core.o(i.OSSched)
    i.OSSchedLock                            0x080013cc   Section        0  os_core.o(i.OSSchedLock)
    i.OSSchedUnlock                          0x08001434   Section        0  os_core.o(i.OSSchedUnlock)
    i.OSStart                                0x080014c0   Section        0  os_core.o(i.OSStart)
    i.OSStatReset                            0x08001528   Section        0  os_stat.o(i.OSStatReset)
    i.OSStatTaskCPUUsageInit                 0x08001680   Section        0  os_stat.o(i.OSStatTaskCPUUsageInit)
    i.OSStatTaskHook                         0x08001780   Section        0  os_cpu_c.o(i.OSStatTaskHook)
    i.OSTaskCreate                           0x08001794   Section        0  os_task.o(i.OSTaskCreate)
    i.OSTaskCreateHook                       0x08001948   Section        0  os_cpu_c.o(i.OSTaskCreateHook)
    i.OSTaskDel                              0x08001960   Section        0  os_task.o(i.OSTaskDel)
    i.OSTaskDelHook                          0x08001afc   Section        0  os_cpu_c.o(i.OSTaskDelHook)
    i.OSTaskRegGet                           0x08001b14   Section        0  os_task.o(i.OSTaskRegGet)
    i.OSTaskRegSet                           0x08001b70   Section        0  os_task.o(i.OSTaskRegSet)
    i.OSTaskResume                           0x08001bcc   Section        0  os_task.o(i.OSTaskResume)
    i.OSTaskReturnHook                       0x08001c2c   Section        0  os_cpu_c.o(i.OSTaskReturnHook)
    i.OSTaskSemPend                          0x08001c44   Section        0  os_task.o(i.OSTaskSemPend)
    i.OSTaskSemPost                          0x08001e28   Section        0  os_task.o(i.OSTaskSemPost)
    i.OSTaskStkChk                           0x08001e68   Section        0  os_task.o(i.OSTaskStkChk)
    i.OSTaskStkInit                          0x08001f38   Section        0  os_cpu_c.o(i.OSTaskStkInit)
    i.OSTaskSuspend                          0x080021fc   Section        0  os_task.o(i.OSTaskSuspend)
    i.OSTaskSwHook                           0x08002220   Section        0  os_cpu_c.o(i.OSTaskSwHook)
    i.OSTimeDly                              0x080022f4   Section        0  os_time.o(i.OSTimeDly)
    i.OSTimeGet                              0x080023a4   Section        0  os_time.o(i.OSTimeGet)
    i.OSTimeTick                             0x080023e0   Section        0  os_time.o(i.OSTimeTick)
    i.OSTimeTickHook                         0x0800243c   Section        0  os_cpu_c.o(i.OSTimeTickHook)
    i.OS_CPU_SysTickHandler                  0x08002450   Section        0  os_cpu_c.o(i.OS_CPU_SysTickHandler)
    i.OS_CPU_SysTickInit                     0x08002490   Section        0  os_cpu_c.o(i.OS_CPU_SysTickInit)
    i.OS_Dbg_Init                            0x080024c0   Section        0  os_dbg.o(i.OS_Dbg_Init)
    i.OS_FlagInit                            0x08002668   Section        0  os_flag.o(i.OS_FlagInit)
    i.OS_IdleTask                            0x08002680   Section        0  os_core.o(i.OS_IdleTask)
    i.OS_IdleTaskInit                        0x080026cc   Section        0  os_core.o(i.OS_IdleTaskInit)
    i.OS_MemInit                             0x0800273c   Section        0  os_mem.o(i.OS_MemInit)
    i.OS_MsgPoolInit                         0x08002754   Section        0  os_msg.o(i.OS_MsgPoolInit)
    i.OS_MsgQFreeAll                         0x080027d0   Section        0  os_msg.o(i.OS_MsgQFreeAll)
    i.OS_MsgQInit                            0x08002814   Section        0  os_msg.o(i.OS_MsgQInit)
    i.OS_MutexDbgListAdd                     0x08002824   Section        0  os_mutex.o(i.OS_MutexDbgListAdd)
    i.OS_MutexGrpAdd                         0x08002854   Section        0  os_mutex.o(i.OS_MutexGrpAdd)
    i.OS_MutexGrpPostAll                     0x0800285c   Section        0  os_mutex.o(i.OS_MutexGrpPostAll)
    i.OS_MutexGrpPrioFindHighest             0x080028bc   Section        0  os_mutex.o(i.OS_MutexGrpPrioFindHighest)
    i.OS_MutexGrpRemove                      0x080028e8   Section        0  os_mutex.o(i.OS_MutexGrpRemove)
    i.OS_MutexInit                           0x08002904   Section        0  os_mutex.o(i.OS_MutexInit)
    i.OS_Pend                                0x0800291c   Section        0  os_core.o(i.OS_Pend)
    i.OS_PendDataInit                        0x08002984   Section        0  os_core.o(i.OS_PendDataInit)
    i.OS_PendDbgNameAdd                      0x080029ac   Section        0  os_core.o(i.OS_PendDbgNameAdd)
    i.OS_PendDbgNameRemove                   0x08002a08   Section        0  os_core.o(i.OS_PendDbgNameRemove)
    i.OS_PendListChangePrio                  0x08002a2c   Section        0  os_core.o(i.OS_PendListChangePrio)
    i.OS_PendListInit                        0x08002a66   Section        0  os_core.o(i.OS_PendListInit)
    i.OS_PendListInsertPrio                  0x08002a70   Section        0  os_core.o(i.OS_PendListInsertPrio)
    i.OS_PendListRemove                      0x08002ad6   Section        0  os_core.o(i.OS_PendListRemove)
    i.OS_PendListRemove1                     0x08002b0a   Section        0  os_core.o(i.OS_PendListRemove1)
    i.OS_Post                                0x08002b4c   Section        0  os_core.o(i.OS_Post)
    i.OS_Post1                               0x08002c22   Section        0  os_core.o(i.OS_Post1)
    i.OS_PrioGetHighest                      0x08002c50   Section        0  os_prio.o(i.OS_PrioGetHighest)
    i.OS_PrioInit                            0x08002c78   Section        0  os_prio.o(i.OS_PrioInit)
    i.OS_PrioInsert                          0x08002c90   Section        0  os_prio.o(i.OS_PrioInsert)
    i.OS_PrioRemove                          0x08002cb4   Section        0  os_prio.o(i.OS_PrioRemove)
    i.OS_QInit                               0x08002cd8   Section        0  os_q.o(i.OS_QInit)
    i.OS_RdyListInit                         0x08002cf0   Section        0  os_core.o(i.OS_RdyListInit)
    i.OS_RdyListInsert                       0x08002d14   Section        0  os_core.o(i.OS_RdyListInsert)
    i.OS_RdyListInsertHead                   0x08002d40   Section        0  os_core.o(i.OS_RdyListInsertHead)
    i.OS_RdyListInsertTail                   0x08002d80   Section        0  os_core.o(i.OS_RdyListInsertTail)
    i.OS_RdyListMoveHeadToTail               0x08002dbc   Section        0  os_core.o(i.OS_RdyListMoveHeadToTail)
    i.OS_RdyListRemove                       0x08002e00   Section        0  os_core.o(i.OS_RdyListRemove)
    i.OS_SchedLockTimeMeasStart              0x08002e5c   Section        0  os_core.o(i.OS_SchedLockTimeMeasStart)
    i.OS_SchedLockTimeMeasStop               0x08002e78   Section        0  os_core.o(i.OS_SchedLockTimeMeasStop)
    i.OS_SchedRoundRobin                     0x08002eb4   Section        0  os_core.o(i.OS_SchedRoundRobin)
    i.OS_SemInit                             0x08002fa0   Section        0  os_sem.o(i.OS_SemInit)
    i.OS_StatTask                            0x08002fb8   Section        0  os_stat.o(i.OS_StatTask)
    i.OS_StatTaskInit                        0x080032dc   Section        0  os_stat.o(i.OS_StatTaskInit)
    i.OS_TaskBlock                           0x080033a8   Section        0  os_core.o(i.OS_TaskBlock)
    i.OS_TaskChangePrio                      0x080033d4   Section        0  os_task.o(i.OS_TaskChangePrio)
    i.OS_TaskDbgListAdd                      0x080034c0   Section        0  os_task.o(i.OS_TaskDbgListAdd)
    i.OS_TaskDbgListRemove                   0x080034f0   Section        0  os_task.o(i.OS_TaskDbgListRemove)
    i.OS_TaskInit                            0x08003534   Section        0  os_task.o(i.OS_TaskInit)
    i.OS_TaskInitTCB                         0x08003554   Section        0  os_task.o(i.OS_TaskInitTCB)
    i.OS_TaskResume                          0x08003624   Section        0  os_task.o(i.OS_TaskResume)
    i.OS_TaskReturn                          0x08003740   Section        0  os_task.o(i.OS_TaskReturn)
    i.OS_TaskSemPost                         0x08003758   Section        0  os_task.o(i.OS_TaskSemPost)
    i.OS_TaskSuspend                         0x08003948   Section        0  os_task.o(i.OS_TaskSuspend)
    i.OS_TickListInsert                      0x08003a80   Section        0  os_tick.o(i.OS_TickListInsert)
    i.OS_TickListInsertDly                   0x08003b08   Section        0  os_tick.o(i.OS_TickListInsertDly)
    i.OS_TickListRemove                      0x08003bc4   Section        0  os_tick.o(i.OS_TickListRemove)
    i.OS_TickListResetPeak                   0x08003c1c   Section        0  os_tick.o(i.OS_TickListResetPeak)
    i.OS_TickListUpdateDly                   0x08003c20   Section        0  os_tick.o(i.OS_TickListUpdateDly)
    OS_TickListUpdateDly                     0x08003c21   Thumb Code   154  os_tick.o(i.OS_TickListUpdateDly)
    i.OS_TickListUpdateTimeout               0x08003cc0   Section        0  os_tick.o(i.OS_TickListUpdateTimeout)
    OS_TickListUpdateTimeout                 0x08003cc1   Thumb Code   280  os_tick.o(i.OS_TickListUpdateTimeout)
    i.OS_TickTask                            0x08003ddc   Section        0  os_tick.o(i.OS_TickTask)
    i.OS_TickTaskInit                        0x08003e48   Section        0  os_tick.o(i.OS_TickTaskInit)
    i.OS_TmrInit                             0x08003f10   Section        0  os_tmr.o(i.OS_TmrInit)
    i.OS_TmrLock                             0x08004044   Section        0  os_tmr.o(i.OS_TmrLock)
    OS_TmrLock                               0x08004045   Thumb Code    20  os_tmr.o(i.OS_TmrLock)
    i.OS_TmrResetPeak                        0x0800405c   Section        0  os_tmr.o(i.OS_TmrResetPeak)
    i.OS_TmrTask                             0x08004060   Section        0  os_tmr.o(i.OS_TmrTask)
    i.OS_TmrUnlink                           0x080040f4   Section        0  os_tmr.o(i.OS_TmrUnlink)
    i.OS_TmrUnlock                           0x08004138   Section        0  os_tmr.o(i.OS_TmrUnlock)
    OS_TmrUnlock                             0x08004139   Thumb Code    14  os_tmr.o(i.OS_TmrUnlock)
    i.RCC_AHB1PeriphClockCmd                 0x0800414c   Section        0  stm32f4xx_rcc.o(i.RCC_AHB1PeriphClockCmd)
    i.RCC_APB2PeriphClockCmd                 0x0800416c   Section        0  stm32f4xx_rcc.o(i.RCC_APB2PeriphClockCmd)
    i.RCC_GetClocksFreq                      0x0800418c   Section        0  stm32f4xx_rcc.o(i.RCC_GetClocksFreq)
    i.SVC_Handler                            0x08004274   Section        0  stm32f4xx_it.o(i.SVC_Handler)
    i.SetSysClock                            0x08004278   Section        0  system_stm32f4xx.o(i.SetSysClock)
    SetSysClock                              0x08004279   Thumb Code   272  system_stm32f4xx.o(i.SetSysClock)
    i.SystemInit                             0x08004398   Section        0  system_stm32f4xx.o(i.SystemInit)
    i.USART_Cmd                              0x08004400   Section        0  stm32f4xx_usart.o(i.USART_Cmd)
    i.USART_Init                             0x08004418   Section        0  stm32f4xx_usart.o(i.USART_Init)
    i.USARTx_Config                          0x080044ec   Section        0  bsp_usart.o(i.USARTx_Config)
    i.UsageFault_Handler                     0x08004584   Section        0  stm32f4xx_it.o(i.UsageFault_Handler)
    i.__scatterload_copy                     0x08004588   Section       14  handlers.o(i.__scatterload_copy)
    i.__scatterload_null                     0x08004596   Section        2  handlers.o(i.__scatterload_null)
    i.__scatterload_zeroinit                 0x08004598   Section       14  handlers.o(i.__scatterload_zeroinit)
    i.main                                   0x080045a8   Section        0  app.o(i.main)
    .constdata                               0x08004608   Section      148  os_cfg_app.o(.constdata)
    .constdata                               0x0800469c   Section      364  os_dbg.o(.constdata)
    .data                                    0x20000000   Section       16  stm32f4xx_rcc.o(.data)
    APBAHBPrescTable                         0x20000000   Data          16  stm32f4xx_rcc.o(.data)
    .data                                    0x20000010   Section        4  app.o(.data)
    .data                                    0x20000014   Section       28  cpu_core.o(.data)
    .data                                    0x20000030   Section        4  lib_mem.o(.data)
    .data                                    0x20000034   Section        8  os_prio.o(.data)
    .data                                    0x2000003c   Section      212  os_var.o(.data)
    .data                                    0x20000110   Section        4  os_cpu_c.o(.data)
    .bss                                     0x20000114   Section     7472  app.o(.bss)
    AppTaskStartTCB                          0x20000114   Data         204  app.o(.bss)
    AppTaskLed1TCB                           0x200001e0   Data         204  app.o(.bss)
    AppTaskLed2TCB                           0x200002ac   Data         204  app.o(.bss)
    AppTaskLed3TCB                           0x20000378   Data         204  app.o(.bss)
    AppTaskStartStk                          0x20000444   Data         512  app.o(.bss)
    AppTaskLed1Stk                           0x20000644   Data        2048  app.o(.bss)
    AppTaskLed2Stk                           0x20000e44   Data        2048  app.o(.bss)
    AppTaskLed3Stk                           0x20001644   Data        2048  app.o(.bss)
    .bss                                     0x20001e44   Section       16  cpu_core.o(.bss)
    .bss                                     0x20001e54   Section     3092  lib_mem.o(.bss)
    .bss                                     0x20002a68   Section     3456  os_cfg_app.o(.bss)
    .bss                                     0x200037e8   Section     1644  os_var.o(.bss)
    STACK                                    0x20003e58   Section     4096  startup_stm32f429_439xx.o(STACK)

    Global Symbols

    Symbol Name                              Value     Ov Type        Size  Object(Section)

    BuildAttributes$$THM_ISAv4$E$P$D$K$B$S$7EM$VFPi3$EXTD16$VFPS$VFMA$PE$A:L22UL41UL21$X:L11$S22US41US21$IEEE1$IW$USESV6$~STKCKD$USESV7$~SHL$OSPACE$EBA8$MICROLIB$REQ8$PRES8$EABIv2 0x00000000   Number         0  anon$$obj.o ABSOLUTE
    __ARM_use_no_argv                        0x00000000   Number         0  app.o ABSOLUTE
    __cpp_initialize__aeabi_                  - Undefined Weak Reference
    __cxa_finalize                            - Undefined Weak Reference
    __decompress                              - Undefined Weak Reference
    _clock_init                               - Undefined Weak Reference
    _microlib_exit                            - Undefined Weak Reference
    __Vectors_Size                           0x000001ac   Number         0  startup_stm32f429_439xx.o ABSOLUTE
    __Vectors                                0x08000000   Data           4  startup_stm32f429_439xx.o(RESET)
    __Vectors_End                            0x080001ac   Data           0  startup_stm32f429_439xx.o(RESET)
    __main                                   0x080001ad   Thumb Code     0  entry.o(.ARM.Collect$$$$00000000)
    _main_stk                                0x080001ad   Thumb Code     0  entry2.o(.ARM.Collect$$$$00000001)
    _main_scatterload                        0x080001b1   Thumb Code     0  entry5.o(.ARM.Collect$$$$00000004)
    __main_after_scatterload                 0x080001b5   Thumb Code     0  entry5.o(.ARM.Collect$$$$00000004)
    _main_clock                              0x080001b5   Thumb Code     0  entry7b.o(.ARM.Collect$$$$00000008)
    _main_cpp_init                           0x080001b5   Thumb Code     0  entry8b.o(.ARM.Collect$$$$0000000A)
    _main_init                               0x080001b5   Thumb Code     0  entry9a.o(.ARM.Collect$$$$0000000B)
    __rt_final_cpp                           0x080001bd   Thumb Code     0  entry10a.o(.ARM.Collect$$$$0000000D)
    __rt_final_exit                          0x080001bd   Thumb Code     0  entry11a.o(.ARM.Collect$$$$0000000F)
    Reset_Handler                            0x080001c1   Thumb Code    40  startup_stm32f429_439xx.o(.text)
    ADC_IRQHandler                           0x080001fb   Thumb Code     0  startup_stm32f429_439xx.o(.text)
    CAN1_RX0_IRQHandler                      0x080001fb   Thumb Code     0  startup_stm32f429_439xx.o(.text)
    CAN1_RX1_IRQHandler                      0x080001fb   Thumb Code     0  startup_stm32f429_439xx.o(.text)
    CAN1_SCE_IRQHandler                      0x080001fb   Thumb Code     0  startup_stm32f429_439xx.o(.text)
    CAN1_TX_IRQHandler                       0x080001fb   Thumb Code     0  startup_stm32f429_439xx.o(.text)
    CAN2_RX0_IRQHandler                      0x080001fb   Thumb Code     0  startup_stm32f429_439xx.o(.text)
    CAN2_RX1_IRQHandler                      0x080001fb   Thumb Code     0  startup_stm32f429_439xx.o(.text)
    CAN2_SCE_IRQHandler                      0x080001fb   Thumb Code     0  startup_stm32f429_439xx.o(.text)
    CAN2_TX_IRQHandler                       0x080001fb   Thumb Code     0  startup_stm32f429_439xx.o(.text)
    CRYP_IRQHandler                          0x080001fb   Thumb Code     0  startup_stm32f429_439xx.o(.text)
    DCMI_IRQHandler                          0x080001fb   Thumb Code     0  startup_stm32f429_439xx.o(.text)
    DMA1_Stream0_IRQHandler                  0x080001fb   Thumb Code     0  startup_stm32f429_439xx.o(.text)
    DMA1_Stream1_IRQHandler                  0x080001fb   Thumb Code     0  startup_stm32f429_439xx.o(.text)
    DMA1_Stream2_IRQHandler                  0x080001fb   Thumb Code     0  startup_stm32f429_439xx.o(.text)
    DMA1_Stream3_IRQHandler                  0x080001fb   Thumb Code     0  startup_stm32f429_439xx.o(.text)
    DMA1_Stream4_IRQHandler                  0x080001fb   Thumb Code     0  startup_stm32f429_439xx.o(.text)
    DMA1_Stream5_IRQHandler                  0x080001fb   Thumb Code     0  startup_stm32f429_439xx.o(.text)
    DMA1_Stream6_IRQHandler                  0x080001fb   Thumb Code     0  startup_stm32f429_439xx.o(.text)
    DMA1_Stream7_IRQHandler                  0x080001fb   Thumb Code     0  startup_stm32f429_439xx.o(.text)
    DMA2D_IRQHandler                         0x080001fb   Thumb Code     0  startup_stm32f429_439xx.o(.text)
    DMA2_Stream0_IRQHandler                  0x080001fb   Thumb Code     0  startup_stm32f429_439xx.o(.text)
    DMA2_Stream1_IRQHandler                  0x080001fb   Thumb Code     0  startup_stm32f429_439xx.o(.text)
    DMA2_Stream2_IRQHandler                  0x080001fb   Thumb Code     0  startup_stm32f429_439xx.o(.text)
    DMA2_Stream3_IRQHandler                  0x080001fb   Thumb Code     0  startup_stm32f429_439xx.o(.text)
    DMA2_Stream4_IRQHandler                  0x080001fb   Thumb Code     0  startup_stm32f429_439xx.o(.text)
    DMA2_Stream5_IRQHandler                  0x080001fb   Thumb Code     0  startup_stm32f429_439xx.o(.text)
    DMA2_Stream6_IRQHandler                  0x080001fb   Thumb Code     0  startup_stm32f429_439xx.o(.text)
    DMA2_Stream7_IRQHandler                  0x080001fb   Thumb Code     0  startup_stm32f429_439xx.o(.text)
    ETH_IRQHandler                           0x080001fb   Thumb Code     0  startup_stm32f429_439xx.o(.text)
    ETH_WKUP_IRQHandler                      0x080001fb   Thumb Code     0  startup_stm32f429_439xx.o(.text)
    EXTI0_IRQHandler                         0x080001fb   Thumb Code     0  startup_stm32f429_439xx.o(.text)
    EXTI15_10_IRQHandler                     0x080001fb   Thumb Code     0  startup_stm32f429_439xx.o(.text)
    EXTI1_IRQHandler                         0x080001fb   Thumb Code     0  startup_stm32f429_439xx.o(.text)
    EXTI2_IRQHandler                         0x080001fb   Thumb Code     0  startup_stm32f429_439xx.o(.text)
    EXTI3_IRQHandler                         0x080001fb   Thumb Code     0  startup_stm32f429_439xx.o(.text)
    EXTI4_IRQHandler                         0x080001fb   Thumb Code     0  startup_stm32f429_439xx.o(.text)
    EXTI9_5_IRQHandler                       0x080001fb   Thumb Code     0  startup_stm32f429_439xx.o(.text)
    FLASH_IRQHandler                         0x080001fb   Thumb Code     0  startup_stm32f429_439xx.o(.text)
    FMC_IRQHandler                           0x080001fb   Thumb Code     0  startup_stm32f429_439xx.o(.text)
    FPU_IRQHandler                           0x080001fb   Thumb Code     0  startup_stm32f429_439xx.o(.text)
    HASH_RNG_IRQHandler                      0x080001fb   Thumb Code     0  startup_stm32f429_439xx.o(.text)
    I2C1_ER_IRQHandler                       0x080001fb   Thumb Code     0  startup_stm32f429_439xx.o(.text)
    I2C1_EV_IRQHandler                       0x080001fb   Thumb Code     0  startup_stm32f429_439xx.o(.text)
    I2C2_ER_IRQHandler                       0x080001fb   Thumb Code     0  startup_stm32f429_439xx.o(.text)
    I2C2_EV_IRQHandler                       0x080001fb   Thumb Code     0  startup_stm32f429_439xx.o(.text)
    I2C3_ER_IRQHandler                       0x080001fb   Thumb Code     0  startup_stm32f429_439xx.o(.text)
    I2C3_EV_IRQHandler                       0x080001fb   Thumb Code     0  startup_stm32f429_439xx.o(.text)
    LTDC_ER_IRQHandler                       0x080001fb   Thumb Code     0  startup_stm32f429_439xx.o(.text)
    LTDC_IRQHandler                          0x080001fb   Thumb Code     0  startup_stm32f429_439xx.o(.text)
    OTG_FS_IRQHandler                        0x080001fb   Thumb Code     0  startup_stm32f429_439xx.o(.text)
    OTG_FS_WKUP_IRQHandler                   0x080001fb   Thumb Code     0  startup_stm32f429_439xx.o(.text)
    OTG_HS_EP1_IN_IRQHandler                 0x080001fb   Thumb Code     0  startup_stm32f429_439xx.o(.text)
    OTG_HS_EP1_OUT_IRQHandler                0x080001fb   Thumb Code     0  startup_stm32f429_439xx.o(.text)
    OTG_HS_IRQHandler                        0x080001fb   Thumb Code     0  startup_stm32f429_439xx.o(.text)
    OTG_HS_WKUP_IRQHandler                   0x080001fb   Thumb Code     0  startup_stm32f429_439xx.o(.text)
    PVD_IRQHandler                           0x080001fb   Thumb Code     0  startup_stm32f429_439xx.o(.text)
    RCC_IRQHandler                           0x080001fb   Thumb Code     0  startup_stm32f429_439xx.o(.text)
    RTC_Alarm_IRQHandler                     0x080001fb   Thumb Code     0  startup_stm32f429_439xx.o(.text)
    RTC_WKUP_IRQHandler                      0x080001fb   Thumb Code     0  startup_stm32f429_439xx.o(.text)
    SAI1_IRQHandler                          0x080001fb   Thumb Code     0  startup_stm32f429_439xx.o(.text)
    SDIO_IRQHandler                          0x080001fb   Thumb Code     0  startup_stm32f429_439xx.o(.text)
    SPI1_IRQHandler                          0x080001fb   Thumb Code     0  startup_stm32f429_439xx.o(.text)
    SPI2_IRQHandler                          0x080001fb   Thumb Code     0  startup_stm32f429_439xx.o(.text)
    SPI3_IRQHandler                          0x080001fb   Thumb Code     0  startup_stm32f429_439xx.o(.text)
    SPI4_IRQHandler                          0x080001fb   Thumb Code     0  startup_stm32f429_439xx.o(.text)
    SPI5_IRQHandler                          0x080001fb   Thumb Code     0  startup_stm32f429_439xx.o(.text)
    SPI6_IRQHandler                          0x080001fb   Thumb Code     0  startup_stm32f429_439xx.o(.text)
    TAMP_STAMP_IRQHandler                    0x080001fb   Thumb Code     0  startup_stm32f429_439xx.o(.text)
    TIM1_BRK_TIM9_IRQHandler                 0x080001fb   Thumb Code     0  startup_stm32f429_439xx.o(.text)
    TIM1_CC_IRQHandler                       0x080001fb   Thumb Code     0  startup_stm32f429_439xx.o(.text)
    TIM1_TRG_COM_TIM11_IRQHandler            0x080001fb   Thumb Code     0  startup_stm32f429_439xx.o(.text)
    TIM1_UP_TIM10_IRQHandler                 0x080001fb   Thumb Code     0  startup_stm32f429_439xx.o(.text)
    TIM2_IRQHandler                          0x080001fb   Thumb Code     0  startup_stm32f429_439xx.o(.text)
    TIM3_IRQHandler                          0x080001fb   Thumb Code     0  startup_stm32f429_439xx.o(.text)
    TIM4_IRQHandler                          0x080001fb   Thumb Code     0  startup_stm32f429_439xx.o(.text)
    TIM5_IRQHandler                          0x080001fb   Thumb Code     0  startup_stm32f429_439xx.o(.text)
    TIM6_DAC_IRQHandler                      0x080001fb   Thumb Code     0  startup_stm32f429_439xx.o(.text)
    TIM7_IRQHandler                          0x080001fb   Thumb Code     0  startup_stm32f429_439xx.o(.text)
    TIM8_BRK_TIM12_IRQHandler                0x080001fb   Thumb Code     0  startup_stm32f429_439xx.o(.text)
    TIM8_CC_IRQHandler                       0x080001fb   Thumb Code     0  startup_stm32f429_439xx.o(.text)
    TIM8_TRG_COM_TIM14_IRQHandler            0x080001fb   Thumb Code     0  startup_stm32f429_439xx.o(.text)
    TIM8_UP_TIM13_IRQHandler                 0x080001fb   Thumb Code     0  startup_stm32f429_439xx.o(.text)
    UART4_IRQHandler                         0x080001fb   Thumb Code     0  startup_stm32f429_439xx.o(.text)
    UART5_IRQHandler                         0x080001fb   Thumb Code     0  startup_stm32f429_439xx.o(.text)
    UART7_IRQHandler                         0x080001fb   Thumb Code     0  startup_stm32f429_439xx.o(.text)
    UART8_IRQHandler                         0x080001fb   Thumb Code     0  startup_stm32f429_439xx.o(.text)
    USART1_IRQHandler                        0x080001fb   Thumb Code     0  startup_stm32f429_439xx.o(.text)
    USART2_IRQHandler                        0x080001fb   Thumb Code     0  startup_stm32f429_439xx.o(.text)
    USART3_IRQHandler                        0x080001fb   Thumb Code     0  startup_stm32f429_439xx.o(.text)
    USART6_IRQHandler                        0x080001fb   Thumb Code     0  startup_stm32f429_439xx.o(.text)
    WWDG_IRQHandler                          0x080001fb   Thumb Code     0  startup_stm32f429_439xx.o(.text)
    CPU_IntDis                               0x0800020d   Thumb Code     0  cpu_a.o(.text)
    CPU_IntEn                                0x08000211   Thumb Code     0  cpu_a.o(.text)
    CPU_SR_Save                              0x08000215   Thumb Code     0  cpu_a.o(.text)
    CPU_SR_Restore                           0x0800021d   Thumb Code     0  cpu_a.o(.text)
    CPU_WaitForInt                           0x08000223   Thumb Code     0  cpu_a.o(.text)
    CPU_WaitForExcept                        0x08000227   Thumb Code     0  cpu_a.o(.text)
    CPU_CntLeadZeros                         0x0800022b   Thumb Code     0  cpu_a.o(.text)
    CPU_CntTrailZeros                        0x08000231   Thumb Code     0  cpu_a.o(.text)
    CPU_RevBits                              0x0800023b   Thumb Code     0  cpu_a.o(.text)
    __scatterload                            0x08000241   Thumb Code    28  init.o(.text)
    __scatterload_rt2                        0x08000241   Thumb Code     0  init.o(.text)
    OS_CPU_FP_Reg_Push                       0x08000265   Thumb Code     0  os_cpu_a.o(CODE)
    OS_CPU_FP_Reg_Pop                        0x0800027f   Thumb Code     0  os_cpu_a.o(CODE)
    OSStartHighRdy                           0x08000291   Thumb Code     0  os_cpu_a.o(CODE)
    OSCtxSw                                  0x08000301   Thumb Code     0  os_cpu_a.o(CODE)
    OSIntCtxSw                               0x0800030b   Thumb Code     0  os_cpu_a.o(CODE)
    OS_CPU_PendSVHandler                     0x08000315   Thumb Code     0  os_cpu_a.o(CODE)
    BEEP_GPIO_Config                         0x080006c5   Thumb Code    58  bsp_beep.o(i.BEEP_GPIO_Config)
    BSP_CPU_ClkFreq                          0x08000705   Thumb Code    14  bsp.o(i.BSP_CPU_ClkFreq)
    BSP_Init                                 0x08000713   Thumb Code    20  bsp.o(i.BSP_Init)
    BusFault_Handler                         0x08000727   Thumb Code     4  stm32f4xx_it.o(i.BusFault_Handler)
    CPU_Init                                 0x0800072b   Thumb Code    16  cpu_core.o(i.CPU_Init)
    CPU_IntDisMeasMaxCurGet                  0x080007dd   Thumb Code    40  cpu_core.o(i.CPU_IntDisMeasMaxCurGet)
    CPU_IntDisMeasMaxCurReset                0x08000809   Thumb Code    40  cpu_core.o(i.CPU_IntDisMeasMaxCurReset)
    CPU_IntDisMeasMaxGet                     0x08000835   Thumb Code    40  cpu_core.o(i.CPU_IntDisMeasMaxGet)
    CPU_IntDisMeasStart                      0x08000861   Thumb Code    38  cpu_core.o(i.CPU_IntDisMeasStart)
    CPU_IntDisMeasStop                       0x08000895   Thumb Code    62  cpu_core.o(i.CPU_IntDisMeasStop)
    CPU_NameClr                              0x080008e9   Thumb Code    50  cpu_core.o(i.CPU_NameClr)
    CPU_SW_Exception                         0x08000929   Thumb Code     4  cpu_core.o(i.CPU_SW_Exception)
    CPU_TS_TmrFreqSet                        0x08000941   Thumb Code     6  cpu_core.o(i.CPU_TS_TmrFreqSet)
    CPU_TS_TmrInit                           0x0800094d   Thumb Code    44  bsp.o(i.CPU_TS_TmrInit)
    CPU_TS_TmrRd                             0x08000981   Thumb Code     6  bsp.o(i.CPU_TS_TmrRd)
    DebugMon_Handler                         0x0800098d   Thumb Code     2  stm32f4xx_it.o(i.DebugMon_Handler)
    GPIO_Init                                0x0800098f   Thumb Code   144  stm32f4xx_gpio.o(i.GPIO_Init)
    GPIO_PinAFConfig                         0x08000a1f   Thumb Code    70  stm32f4xx_gpio.o(i.GPIO_PinAFConfig)
    GPIO_ResetBits                           0x08000a65   Thumb Code     4  stm32f4xx_gpio.o(i.GPIO_ResetBits)
    HardFault_Handler                        0x08000a69   Thumb Code     4  stm32f4xx_it.o(i.HardFault_Handler)
    Key_Initial                              0x08000abd   Thumb Code    12  bsp_key.o(i.Key_Initial)
    LED_GPIO_Config                          0x08000ac9   Thumb Code    96  bsp_led.o(i.LED_GPIO_Config)
    MemManage_Handler                        0x08000b2d   Thumb Code     4  stm32f4xx_it.o(i.MemManage_Handler)
    Mem_Clr                                  0x08000b31   Thumb Code    18  lib_mem.o(i.Mem_Clr)
    Mem_Init                                 0x08000b45   Thumb Code    54  lib_mem.o(i.Mem_Init)
    Mem_SegCreate                            0x08000b91   Thumb Code    82  lib_mem.o(i.Mem_SegCreate)
    Mem_Set                                  0x08000c05   Thumb Code    84  lib_mem.o(i.Mem_Set)
    NMI_Handler                              0x08000c59   Thumb Code     2  stm32f4xx_it.o(i.NMI_Handler)
    OSCfg_Init                               0x08000c5b   Thumb Code     2  os_cfg_app.o(i.OSCfg_Init)
    OSIdleTaskHook                           0x08000c5d   Thumb Code    16  os_cpu_c.o(i.OSIdleTaskHook)
    OSInit                                   0x08000c71   Thumb Code   288  os_core.o(i.OSInit)
    OSInitHook                               0x08000df1   Thumb Code    28  os_cpu_c.o(i.OSInitHook)
    OSIntEnter                               0x08000e19   Thumb Code    34  os_core.o(i.OSIntEnter)
    OSIntExit                                0x08000e45   Thumb Code   188  os_core.o(i.OSIntExit)
    OSMutexCreate                            0x08000f21   Thumb Code   110  os_mutex.o(i.OSMutexCreate)
    OSMutexPend                              0x08000f99   Thumb Code   482  os_mutex.o(i.OSMutexPend)
    OSMutexPost                              0x08001189   Thumb Code   404  os_mutex.o(i.OSMutexPost)
    OSSched                                  0x08001329   Thumb Code   134  os_core.o(i.OSSched)
    OSSchedLock                              0x080013cd   Thumb Code    96  os_core.o(i.OSSchedLock)
    OSSchedUnlock                            0x08001435   Thumb Code   132  os_core.o(i.OSSchedUnlock)
    OSStart                                  0x080014c1   Thumb Code    78  os_core.o(i.OSStart)
    OSStatReset                              0x08001529   Thumb Code   308  os_stat.o(i.OSStatReset)
    OSStatTaskCPUUsageInit                   0x08001681   Thumb Code   228  os_stat.o(i.OSStatTaskCPUUsageInit)
    OSStatTaskHook                           0x08001781   Thumb Code    16  os_cpu_c.o(i.OSStatTaskHook)
    OSTaskCreate                             0x08001795   Thumb Code   414  os_task.o(i.OSTaskCreate)
    OSTaskCreateHook                         0x08001949   Thumb Code    20  os_cpu_c.o(i.OSTaskCreateHook)
    OSTaskDel                                0x08001961   Thumb Code   400  os_task.o(i.OSTaskDel)
    OSTaskDelHook                            0x08001afd   Thumb Code    20  os_cpu_c.o(i.OSTaskDelHook)
    OSTaskRegGet                             0x08001b15   Thumb Code    86  os_task.o(i.OSTaskRegGet)
    OSTaskRegSet                             0x08001b71   Thumb Code    86  os_task.o(i.OSTaskRegSet)
    OSTaskResume                             0x08001bcd   Thumb Code    92  os_task.o(i.OSTaskResume)
    OSTaskReturnHook                         0x08001c2d   Thumb Code    20  os_cpu_c.o(i.OSTaskReturnHook)
    OSTaskSemPend                            0x08001c45   Thumb Code   474  os_task.o(i.OSTaskSemPend)
    OSTaskSemPost                            0x08001e29   Thumb Code    62  os_task.o(i.OSTaskSemPost)
    OSTaskStkChk                             0x08001e69   Thumb Code   204  os_task.o(i.OSTaskStkChk)
    OSTaskStkInit                            0x08001f39   Thumb Code   600  os_cpu_c.o(i.OSTaskStkInit)
    OSTaskSuspend                            0x080021fd   Thumb Code    32  os_task.o(i.OSTaskSuspend)
    OSTaskSwHook                             0x08002221   Thumb Code   194  os_cpu_c.o(i.OSTaskSwHook)
    OSTimeDly                                0x080022f5   Thumb Code   168  os_time.o(i.OSTimeDly)
    OSTimeGet                                0x080023a5   Thumb Code    54  os_time.o(i.OSTimeGet)
    OSTimeTick                               0x080023e1   Thumb Code    68  os_time.o(i.OSTimeTick)
    OSTimeTickHook                           0x0800243d   Thumb Code    16  os_cpu_c.o(i.OSTimeTickHook)
    OS_CPU_SysTickHandler                    0x08002451   Thumb Code    60  os_cpu_c.o(i.OS_CPU_SysTickHandler)
    OS_CPU_SysTickInit                       0x08002491   Thumb Code    44  os_cpu_c.o(i.OS_CPU_SysTickInit)
    OS_Dbg_Init                              0x080024c1   Thumb Code   146  os_dbg.o(i.OS_Dbg_Init)
    OS_FlagInit                              0x08002669   Thumb Code    14  os_flag.o(i.OS_FlagInit)
    OS_IdleTask                              0x08002681   Thumb Code    66  os_core.o(i.OS_IdleTask)
    OS_IdleTaskInit                          0x080026cd   Thumb Code    66  os_core.o(i.OS_IdleTaskInit)
    OS_MemInit                               0x0800273d   Thumb Code    14  os_mem.o(i.OS_MemInit)
    OS_MsgPoolInit                           0x08002755   Thumb Code   110  os_msg.o(i.OS_MsgPoolInit)
    OS_MsgQFreeAll                           0x080027d1   Thumb Code    62  os_msg.o(i.OS_MsgQFreeAll)
    OS_MsgQInit                              0x08002815   Thumb Code    14  os_msg.o(i.OS_MsgQInit)
    OS_MutexDbgListAdd                       0x08002825   Thumb Code    38  os_mutex.o(i.OS_MutexDbgListAdd)
    OS_MutexGrpAdd                           0x08002855   Thumb Code     8  os_mutex.o(i.OS_MutexGrpAdd)
    OS_MutexGrpPostAll                       0x0800285d   Thumb Code    96  os_mutex.o(i.OS_MutexGrpPostAll)
    OS_MutexGrpPrioFindHighest               0x080028bd   Thumb Code    44  os_mutex.o(i.OS_MutexGrpPrioFindHighest)
    OS_MutexGrpRemove                        0x080028e9   Thumb Code    28  os_mutex.o(i.OS_MutexGrpRemove)
    OS_MutexInit                             0x08002905   Thumb Code    14  os_mutex.o(i.OS_MutexInit)
    OS_Pend                                  0x0800291d   Thumb Code   100  os_core.o(i.OS_Pend)
    OS_PendDataInit                          0x08002985   Thumb Code    40  os_core.o(i.OS_PendDataInit)
    OS_PendDbgNameAdd                        0x080029ad   Thumb Code    66  os_core.o(i.OS_PendDbgNameAdd)
    OS_PendDbgNameRemove                     0x08002a09   Thumb Code    30  os_core.o(i.OS_PendDbgNameRemove)
    OS_PendListChangePrio                    0x08002a2d   Thumb Code    58  os_core.o(i.OS_PendListChangePrio)
    OS_PendListInit                          0x08002a67   Thumb Code    10  os_core.o(i.OS_PendListInit)
    OS_PendListInsertPrio                    0x08002a71   Thumb Code   102  os_core.o(i.OS_PendListInsertPrio)
    OS_PendListRemove                        0x08002ad7   Thumb Code    52  os_core.o(i.OS_PendListRemove)
    OS_PendListRemove1                       0x08002b0b   Thumb Code    66  os_core.o(i.OS_PendListRemove1)
    OS_Post                                  0x08002b4d   Thumb Code   214  os_core.o(i.OS_Post)
    OS_Post1                                 0x08002c23   Thumb Code    44  os_core.o(i.OS_Post1)
    OS_PrioGetHighest                        0x08002c51   Thumb Code    36  os_prio.o(i.OS_PrioGetHighest)
    OS_PrioInit                              0x08002c79   Thumb Code    20  os_prio.o(i.OS_PrioInit)
    OS_PrioInsert                            0x08002c91   Thumb Code    32  os_prio.o(i.OS_PrioInsert)
    OS_PrioRemove                            0x08002cb5   Thumb Code    32  os_prio.o(i.OS_PrioRemove)
    OS_QInit                                 0x08002cd9   Thumb Code    14  os_q.o(i.OS_QInit)
    OS_RdyListInit                           0x08002cf1   Thumb Code    32  os_core.o(i.OS_RdyListInit)
    OS_RdyListInsert                         0x08002d15   Thumb Code    40  os_core.o(i.OS_RdyListInsert)
    OS_RdyListInsertHead                     0x08002d41   Thumb Code    58  os_core.o(i.OS_RdyListInsertHead)
    OS_RdyListInsertTail                     0x08002d81   Thumb Code    56  os_core.o(i.OS_RdyListInsertTail)
    OS_RdyListMoveHeadToTail                 0x08002dbd   Thumb Code    68  os_core.o(i.OS_RdyListMoveHeadToTail)
    OS_RdyListRemove                         0x08002e01   Thumb Code    86  os_core.o(i.OS_RdyListRemove)
    OS_SchedLockTimeMeasStart                0x08002e5d   Thumb Code    20  os_core.o(i.OS_SchedLockTimeMeasStart)
    OS_SchedLockTimeMeasStop                 0x08002e79   Thumb Code    44  os_core.o(i.OS_SchedLockTimeMeasStop)
    OS_SchedRoundRobin                       0x08002eb5   Thumb Code   218  os_core.o(i.OS_SchedRoundRobin)
    OS_SemInit                               0x08002fa1   Thumb Code    14  os_sem.o(i.OS_SemInit)
    OS_StatTask                              0x08002fb9   Thumb Code   740  os_stat.o(i.OS_StatTask)
    OS_StatTaskInit                          0x080032dd   Thumb Code   136  os_stat.o(i.OS_StatTaskInit)
    OS_TaskBlock                             0x080033a9   Thumb Code    40  os_core.o(i.OS_TaskBlock)
    OS_TaskChangePrio                        0x080033d5   Thumb Code   232  os_task.o(i.OS_TaskChangePrio)
    OS_TaskDbgListAdd                        0x080034c1   Thumb Code    42  os_task.o(i.OS_TaskDbgListAdd)
    OS_TaskDbgListRemove                     0x080034f1   Thumb Code    64  os_task.o(i.OS_TaskDbgListRemove)
    OS_TaskInit                              0x08003535   Thumb Code    18  os_task.o(i.OS_TaskInit)
    OS_TaskInitTCB                           0x08003555   Thumb Code   194  os_task.o(i.OS_TaskInitTCB)
    OS_TaskResume                            0x08003625   Thumb Code   284  os_task.o(i.OS_TaskResume)
    OS_TaskReturn                            0x08003741   Thumb Code    20  os_task.o(i.OS_TaskReturn)
    OS_TaskSemPost                           0x08003759   Thumb Code   492  os_task.o(i.OS_TaskSemPost)
    OS_TaskSuspend                           0x08003949   Thumb Code   304  os_task.o(i.OS_TaskSuspend)
    OS_TickListInsert                        0x08003a81   Thumb Code   134  os_tick.o(i.OS_TickListInsert)
    OS_TickListInsertDly                     0x08003b09   Thumb Code   180  os_tick.o(i.OS_TickListInsertDly)
    OS_TickListRemove                        0x08003bc5   Thumb Code    88  os_tick.o(i.OS_TickListRemove)
    OS_TickListResetPeak                     0x08003c1d   Thumb Code     2  os_tick.o(i.OS_TickListResetPeak)
    OS_TickTask                              0x08003ddd   Thumb Code    98  os_tick.o(i.OS_TickTask)
    OS_TickTaskInit                          0x08003e49   Thumb Code   140  os_tick.o(i.OS_TickTaskInit)
    OS_TmrInit                               0x08003f11   Thumb Code   200  os_tmr.o(i.OS_TmrInit)
    OS_TmrResetPeak                          0x0800405d   Thumb Code     2  os_tmr.o(i.OS_TmrResetPeak)
    OS_TmrTask                               0x08004061   Thumb Code   134  os_tmr.o(i.OS_TmrTask)
    OS_TmrUnlink                             0x080040f5   Thumb Code    58  os_tmr.o(i.OS_TmrUnlink)
    RCC_AHB1PeriphClockCmd                   0x0800414d   Thumb Code    26  stm32f4xx_rcc.o(i.RCC_AHB1PeriphClockCmd)
    RCC_APB2PeriphClockCmd                   0x0800416d   Thumb Code    26  stm32f4xx_rcc.o(i.RCC_APB2PeriphClockCmd)
    RCC_GetClocksFreq                        0x0800418d   Thumb Code   214  stm32f4xx_rcc.o(i.RCC_GetClocksFreq)
    SVC_Handler                              0x08004275   Thumb Code     2  stm32f4xx_it.o(i.SVC_Handler)
    SystemInit                               0x08004399   Thumb Code    88  system_stm32f4xx.o(i.SystemInit)
    USART_Cmd                                0x08004401   Thumb Code    24  stm32f4xx_usart.o(i.USART_Cmd)
    USART_Init                               0x08004419   Thumb Code   204  stm32f4xx_usart.o(i.USART_Init)
    USARTx_Config                            0x080044ed   Thumb Code   144  bsp_usart.o(i.USARTx_Config)
    UsageFault_Handler                       0x08004585   Thumb Code     4  stm32f4xx_it.o(i.UsageFault_Handler)
    __scatterload_copy                       0x08004589   Thumb Code    14  handlers.o(i.__scatterload_copy)
    __scatterload_null                       0x08004597   Thumb Code     2  handlers.o(i.__scatterload_null)
    __scatterload_zeroinit                   0x08004599   Thumb Code    14  handlers.o(i.__scatterload_zeroinit)
    main                                     0x080045a9   Thumb Code    68  app.o(i.main)
    OSCfg_IdleTaskStkBasePtr                 0x08004608   Data           4  os_cfg_app.o(.constdata)
    OSCfg_IdleTaskStkLimit                   0x0800460c   Data           4  os_cfg_app.o(.constdata)
    OSCfg_IdleTaskStkSize                    0x08004610   Data           4  os_cfg_app.o(.constdata)
    OSCfg_IdleTaskStkSizeRAM                 0x08004614   Data           4  os_cfg_app.o(.constdata)
    OSCfg_IntQBasePtr                        0x08004618   Data           4  os_cfg_app.o(.constdata)
    OSCfg_IntQSize                           0x0800461c   Data           2  os_cfg_app.o(.constdata)
    OSCfg_IntQSizeRAM                        0x08004620   Data           4  os_cfg_app.o(.constdata)
    OSCfg_IntQTaskStkBasePtr                 0x08004624   Data           4  os_cfg_app.o(.constdata)
    OSCfg_IntQTaskStkLimit                   0x08004628   Data           4  os_cfg_app.o(.constdata)
    OSCfg_IntQTaskStkSize                    0x0800462c   Data           4  os_cfg_app.o(.constdata)
    OSCfg_IntQTaskStkSizeRAM                 0x08004630   Data           4  os_cfg_app.o(.constdata)
    OSCfg_ISRStkBasePtr                      0x08004634   Data           4  os_cfg_app.o(.constdata)
    OSCfg_ISRStkSize                         0x08004638   Data           4  os_cfg_app.o(.constdata)
    OSCfg_ISRStkSizeRAM                      0x0800463c   Data           4  os_cfg_app.o(.constdata)
    OSCfg_MsgPoolSize                        0x08004640   Data           2  os_cfg_app.o(.constdata)
    OSCfg_MsgPoolSizeRAM                     0x08004644   Data           4  os_cfg_app.o(.constdata)
    OSCfg_MsgPoolBasePtr                     0x08004648   Data           4  os_cfg_app.o(.constdata)
    OSCfg_StatTaskPrio                       0x0800464c   Data           1  os_cfg_app.o(.constdata)
    OSCfg_StatTaskRate_Hz                    0x08004650   Data           4  os_cfg_app.o(.constdata)
    OSCfg_StatTaskStkBasePtr                 0x08004654   Data           4  os_cfg_app.o(.constdata)
    OSCfg_StatTaskStkLimit                   0x08004658   Data           4  os_cfg_app.o(.constdata)
    OSCfg_StatTaskStkSize                    0x0800465c   Data           4  os_cfg_app.o(.constdata)
    OSCfg_StatTaskStkSizeRAM                 0x08004660   Data           4  os_cfg_app.o(.constdata)
    OSCfg_StkSizeMin                         0x08004664   Data           4  os_cfg_app.o(.constdata)
    OSCfg_TickRate_Hz                        0x08004668   Data           4  os_cfg_app.o(.constdata)
    OSCfg_TickTaskPrio                       0x0800466c   Data           1  os_cfg_app.o(.constdata)
    OSCfg_TickTaskStkBasePtr                 0x08004670   Data           4  os_cfg_app.o(.constdata)
    OSCfg_TickTaskStkLimit                   0x08004674   Data           4  os_cfg_app.o(.constdata)
    OSCfg_TickTaskStkSize                    0x08004678   Data           4  os_cfg_app.o(.constdata)
    OSCfg_TickTaskStkSizeRAM                 0x0800467c   Data           4  os_cfg_app.o(.constdata)
    OSCfg_TmrTaskPrio                        0x08004680   Data           1  os_cfg_app.o(.constdata)
    OSCfg_TmrTaskRate_Hz                     0x08004684   Data           4  os_cfg_app.o(.constdata)
    OSCfg_TmrTaskStkBasePtr                  0x08004688   Data           4  os_cfg_app.o(.constdata)
    OSCfg_TmrTaskStkLimit                    0x0800468c   Data           4  os_cfg_app.o(.constdata)
    OSCfg_TmrTaskStkSize                     0x08004690   Data           4  os_cfg_app.o(.constdata)
    OSCfg_TmrTaskStkSizeRAM                  0x08004694   Data           4  os_cfg_app.o(.constdata)
    OSCfg_DataSizeRAM                        0x08004698   Data           4  os_cfg_app.o(.constdata)
    OSDbg_DbgEn                              0x0800469c   Data           1  os_dbg.o(.constdata)
    OSDbg_ArgChkEn                           0x0800469d   Data           1  os_dbg.o(.constdata)
    OSDbg_AppHooksEn                         0x0800469e   Data           1  os_dbg.o(.constdata)
    OSDbg_EndiannessTest                     0x080046a0   Data           4  os_dbg.o(.constdata)
    OSDbg_CalledFromISRChkEn                 0x080046a4   Data           1  os_dbg.o(.constdata)
    OSDbg_FlagEn                             0x080046a5   Data           1  os_dbg.o(.constdata)
    OSDbg_FlagGrp                            0x080046a8   Data          40  os_dbg.o(.constdata)
    OSDbg_FlagDelEn                          0x080046d0   Data           1  os_dbg.o(.constdata)
    OSDbg_FlagModeClrEn                      0x080046d1   Data           1  os_dbg.o(.constdata)
    OSDbg_FlagPendAbortEn                    0x080046d2   Data           1  os_dbg.o(.constdata)
    OSDbg_FlagGrpSize                        0x080046d4   Data           2  os_dbg.o(.constdata)
    OSDbg_FlagWidth                          0x080046d6   Data           2  os_dbg.o(.constdata)
    OSDbg_IntQ                               0x080046d8   Data           2  os_dbg.o(.constdata)
    OSDbg_ISRPostDeferredEn                  0x080046da   Data           1  os_dbg.o(.constdata)
    OSDbg_Mem                                0x080046dc   Data          32  os_dbg.o(.constdata)
    OSDbg_MemEn                              0x080046fc   Data           1  os_dbg.o(.constdata)
    OSDbg_MemSize                            0x080046fe   Data           2  os_dbg.o(.constdata)
    OSDbg_MsgEn                              0x08004700   Data           1  os_dbg.o(.constdata)
    OSDbg_MsgSize                            0x08004702   Data           2  os_dbg.o(.constdata)
    OSDbg_MsgPoolSize                        0x08004704   Data           2  os_dbg.o(.constdata)
    OSDbg_MsgQSize                           0x08004706   Data           2  os_dbg.o(.constdata)
    OSDbg_Mutex                              0x08004708   Data          48  os_dbg.o(.constdata)
    OSDbg_MutexEn                            0x08004738   Data           1  os_dbg.o(.constdata)
    OSDbg_MutexDelEn                         0x08004739   Data           1  os_dbg.o(.constdata)
    OSDbg_MutexPendAbortEn                   0x0800473a   Data           1  os_dbg.o(.constdata)
    OSDbg_MutexSize                          0x0800473c   Data           2  os_dbg.o(.constdata)
    OSDbg_ObjTypeChkEn                       0x0800473e   Data           1  os_dbg.o(.constdata)
    OSDbg_PendMultiEn                        0x0800473f   Data           1  os_dbg.o(.constdata)
    OSDbg_PendDataSize                       0x08004740   Data           2  os_dbg.o(.constdata)
    OSDbg_PendListSize                       0x08004742   Data           2  os_dbg.o(.constdata)
    OSDbg_PendObjSize                        0x08004744   Data           2  os_dbg.o(.constdata)
    OSDbg_PrioMax                            0x08004746   Data           2  os_dbg.o(.constdata)
    OSDbg_PrioTblSize                        0x08004748   Data           2  os_dbg.o(.constdata)
    OSDbg_PtrSize                            0x0800474a   Data           2  os_dbg.o(.constdata)
    OSDbg_Q                                  0x0800474c   Data          48  os_dbg.o(.constdata)
    OSDbg_QEn                                0x0800477c   Data           1  os_dbg.o(.constdata)
    OSDbg_QDelEn                             0x0800477d   Data           1  os_dbg.o(.constdata)
    OSDbg_QFlushEn                           0x0800477e   Data           1  os_dbg.o(.constdata)
    OSDbg_QPendAbortEn                       0x0800477f   Data           1  os_dbg.o(.constdata)
    OSDbg_QSize                              0x08004780   Data           2  os_dbg.o(.constdata)
    OSDbg_SchedRoundRobinEn                  0x08004782   Data           1  os_dbg.o(.constdata)
    OSDbg_Sem                                0x08004784   Data          40  os_dbg.o(.constdata)
    OSDbg_SemEn                              0x080047ac   Data           1  os_dbg.o(.constdata)
    OSDbg_SemDelEn                           0x080047ad   Data           1  os_dbg.o(.constdata)
    OSDbg_SemPendAbortEn                     0x080047ae   Data           1  os_dbg.o(.constdata)
    OSDbg_SemSetEn                           0x080047af   Data           1  os_dbg.o(.constdata)
    OSDbg_SemSize                            0x080047b0   Data           2  os_dbg.o(.constdata)
    OSDbg_RdyList                            0x080047b2   Data           2  os_dbg.o(.constdata)
    OSDbg_RdyListSize                        0x080047b4   Data           4  os_dbg.o(.constdata)
    OSDbg_StkWidth                           0x080047b8   Data           1  os_dbg.o(.constdata)
    OSDbg_StatTaskEn                         0x080047b9   Data           1  os_dbg.o(.constdata)
    OSDbg_StatTaskStkChkEn                   0x080047ba   Data           1  os_dbg.o(.constdata)
    OSDbg_TaskChangePrioEn                   0x080047bb   Data           1  os_dbg.o(.constdata)
    OSDbg_TaskDelEn                          0x080047bc   Data           1  os_dbg.o(.constdata)
    OSDbg_TaskQEn                            0x080047bd   Data           1  os_dbg.o(.constdata)
    OSDbg_TaskQPendAbortEn                   0x080047be   Data           1  os_dbg.o(.constdata)
    OSDbg_TaskProfileEn                      0x080047bf   Data           1  os_dbg.o(.constdata)
    OSDbg_TaskRegTblSize                     0x080047c0   Data           2  os_dbg.o(.constdata)
    OSDbg_TaskSemPendAbortEn                 0x080047c2   Data           1  os_dbg.o(.constdata)
    OSDbg_TaskSuspendEn                      0x080047c3   Data           1  os_dbg.o(.constdata)
    OSDbg_TCBSize                            0x080047c4   Data           2  os_dbg.o(.constdata)
    OSDbg_TickListSize                       0x080047c6   Data           2  os_dbg.o(.constdata)
    OSDbg_TimeDlyHMSMEn                      0x080047c8   Data           1  os_dbg.o(.constdata)
    OSDbg_TimeDlyResumeEn                    0x080047c9   Data           1  os_dbg.o(.constdata)
    OSDbg_TLS_TblSize                        0x080047ca   Data           2  os_dbg.o(.constdata)
    OSDbg_Tmr                                0x080047cc   Data          48  os_dbg.o(.constdata)
    OSDbg_TmrEn                              0x080047fc   Data           1  os_dbg.o(.constdata)
    OSDbg_TmrDelEn                           0x080047fd   Data           1  os_dbg.o(.constdata)
    OSDbg_TmrSize                            0x080047fe   Data           2  os_dbg.o(.constdata)
    OSDbg_VersionNbr                         0x08004800   Data           2  os_dbg.o(.constdata)
    OSDbg_DataSize                           0x08004804   Data           4  os_dbg.o(.constdata)
    Region$$Table$$Base                      0x08004808   Number         0  anon$$obj.o(Region$$Table)
    Region$$Table$$Limit                     0x08004828   Number         0  anon$$obj.o(Region$$Table)
    start                                    0x20000010   Data           4  app.o(.data)
    CPU_TS_TmrFreq_Hz                        0x20000014   Data           4  cpu_core.o(.data)
    CPU_IntDisMeasCtr                        0x20000018   Data           2  cpu_core.o(.data)
    CPU_IntDisNestCtr                        0x2000001a   Data           2  cpu_core.o(.data)
    CPU_IntDisMeasStart_cnts                 0x2000001c   Data           4  cpu_core.o(.data)
    CPU_IntDisMeasStop_cnts                  0x20000020   Data           4  cpu_core.o(.data)
    CPU_IntDisMeasOvrhd_cnts                 0x20000024   Data           4  cpu_core.o(.data)
    CPU_IntDisMeasMaxCur_cnts                0x20000028   Data           4  cpu_core.o(.data)
    CPU_IntDisMeasMax_cnts                   0x2000002c   Data           4  cpu_core.o(.data)
    Mem_SegHeadPtr                           0x20000030   Data           4  lib_mem.o(.data)
    OSPrioTbl                                0x20000034   Data           8  os_prio.o(.data)
    OS_AppTaskCreateHookPtr                  0x2000003c   Data           4  os_var.o(.data)
    OS_AppTaskDelHookPtr                     0x20000040   Data           4  os_var.o(.data)
    OS_AppTaskReturnHookPtr                  0x20000044   Data           4  os_var.o(.data)
    OS_AppIdleTaskHookPtr                    0x20000048   Data           4  os_var.o(.data)
    OS_AppStatTaskHookPtr                    0x2000004c   Data           4  os_var.o(.data)
    OS_AppTaskSwHookPtr                      0x20000050   Data           4  os_var.o(.data)
    OS_AppTimeTickHookPtr                    0x20000054   Data           4  os_var.o(.data)
    OSIdleTaskCtr                            0x20000058   Data           4  os_var.o(.data)
    OSIntNestingCtr                          0x2000005c   Data           1  os_var.o(.data)
    OSIntDisTimeMax                          0x20000060   Data           4  os_var.o(.data)
    OSRunning                                0x20000064   Data           1  os_var.o(.data)
    OSFlagDbgListPtr                         0x20000068   Data           4  os_var.o(.data)
    OSFlagQty                                0x2000006c   Data           2  os_var.o(.data)
    OSMemDbgListPtr                          0x20000070   Data           4  os_var.o(.data)
    OSMemQty                                 0x20000074   Data           2  os_var.o(.data)
    OSMutexDbgListPtr                        0x20000078   Data           4  os_var.o(.data)
    OSMutexQty                               0x2000007c   Data           2  os_var.o(.data)
    OSPrioCur                                0x2000007e   Data           1  os_var.o(.data)
    OSPrioHighRdy                            0x2000007f   Data           1  os_var.o(.data)
    OSPrioSaved                              0x20000080   Data           1  os_var.o(.data)
    OSQDbgListPtr                            0x20000084   Data           4  os_var.o(.data)
    OSQQty                                   0x20000088   Data           2  os_var.o(.data)
    OSSchedLockTimeBegin                     0x2000008c   Data           4  os_var.o(.data)
    OSSchedLockTimeMax                       0x20000090   Data           4  os_var.o(.data)
    OSSchedLockTimeMaxCur                    0x20000094   Data           4  os_var.o(.data)
    OSSchedLockNestingCtr                    0x20000098   Data           1  os_var.o(.data)
    OSSchedRoundRobinDfltTimeQuanta          0x2000009c   Data           4  os_var.o(.data)
    OSSchedRoundRobinEn                      0x200000a0   Data           1  os_var.o(.data)
    OSSemDbgListPtr                          0x200000a4   Data           4  os_var.o(.data)
    OSSemQty                                 0x200000a8   Data           2  os_var.o(.data)
    OSStatResetFlag                          0x200000aa   Data           1  os_var.o(.data)
    OSStatTaskCPUUsage                       0x200000ac   Data           2  os_var.o(.data)
    OSStatTaskCPUUsageMax                    0x200000ae   Data           2  os_var.o(.data)
    OSStatTaskCtr                            0x200000b0   Data           4  os_var.o(.data)
    OSStatTaskCtrMax                         0x200000b4   Data           4  os_var.o(.data)
    OSStatTaskCtrRun                         0x200000b8   Data           4  os_var.o(.data)
    OSStatTaskRdy                            0x200000bc   Data           1  os_var.o(.data)
    OSStatTaskTimeMax                        0x200000c0   Data           4  os_var.o(.data)
    OSTaskCtxSwCtr                           0x200000c4   Data           4  os_var.o(.data)
    OSTaskDbgListPtr                         0x200000c8   Data           4  os_var.o(.data)
    OSTaskQty                                0x200000cc   Data           2  os_var.o(.data)
    OSTaskRegNextAvailID                     0x200000ce   Data           1  os_var.o(.data)
    OSTickCtr                                0x200000d0   Data           4  os_var.o(.data)
    OSTickTaskTimeMax                        0x200000d4   Data           4  os_var.o(.data)
    OSTickListDly                            0x200000d8   Data           8  os_var.o(.data)
    OSTickListTimeout                        0x200000e0   Data           8  os_var.o(.data)
    OSTmrDbgListPtr                          0x200000e8   Data           4  os_var.o(.data)
    OSTmrListEntries                         0x200000ec   Data           2  os_var.o(.data)
    OSTmrListPtr                             0x200000f0   Data           4  os_var.o(.data)
    OSTmrQty                                 0x200000f4   Data           2  os_var.o(.data)
    OSTmrTaskTimeMax                         0x200000f8   Data           4  os_var.o(.data)
    OSTmrTickCtr                             0x200000fc   Data           4  os_var.o(.data)
    OSTmrUpdateCnt                           0x20000100   Data           4  os_var.o(.data)
    OSTmrUpdateCtr                           0x20000104   Data           4  os_var.o(.data)
    OSTCBCurPtr                              0x20000108   Data           4  os_var.o(.data)
    OSTCBHighRdyPtr                          0x2000010c   Data           4  os_var.o(.data)
    OS_CPU_ExceptStkBase                     0x20000110   Data           4  os_cpu_c.o(.data)
    CPU_Name                                 0x20001e44   Data          16  cpu_core.o(.bss)
    Mem_Heap                                 0x20001e54   Data        3072  lib_mem.o(.bss)
    Mem_SegHeap                              0x20002a54   Data          20  lib_mem.o(.bss)
    OSCfg_IdleTaskStk                        0x20002a68   Data         256  os_cfg_app.o(.bss)
    OSCfg_ISRStk                             0x20002b68   Data         400  os_cfg_app.o(.bss)
    OSCfg_MsgPool                            0x20002cf8   Data        1600  os_cfg_app.o(.bss)
    OSCfg_StatTaskStk                        0x20003338   Data         400  os_cfg_app.o(.bss)
    OSCfg_TickTaskStk                        0x200034c8   Data         400  os_cfg_app.o(.bss)
    OSCfg_TmrTaskStk                         0x20003658   Data         400  os_cfg_app.o(.bss)
    OSIdleTaskTCB                            0x200037e8   Data         204  os_var.o(.bss)
    OSMsgPool                                0x200038b4   Data          12  os_var.o(.bss)
    OSRdyList                                0x200038c0   Data         768  os_var.o(.bss)
    OSStatTaskTCB                            0x20003bc0   Data         204  os_var.o(.bss)
    OSTickTaskTCB                            0x20003c8c   Data         204  os_var.o(.bss)
    OSTmrMutex                               0x20003d58   Data          48  os_var.o(.bss)
    OSTmrTaskTCB                             0x20003d88   Data         204  os_var.o(.bss)
    __initial_sp                             0x20004e58   Data           0  startup_stm32f429_439xx.o(STACK)



==============================================================================

Memory Map of the image

  Image Entry point : 0x080001ad

  Load Region LR_IROM1 (Base: 0x08000000, Size: 0x0000493c, Max: 0x00100000, ABSOLUTE)

    Execution Region ER_IROM1 (Base: 0x08000000, Size: 0x00004828, Max: 0x00100000, ABSOLUTE)

    Base Addr    Size         Type   Attr      Idx    E Section Name        Object

    0x08000000   0x000001ac   Data   RO            3    RESET               startup_stm32f429_439xx.o
    0x080001ac   0x00000000   Code   RO         7597  * .ARM.Collect$$$$00000000  mc_w.l(entry.o)
    0x080001ac   0x00000004   Code   RO         7602    .ARM.Collect$$$$00000001  mc_w.l(entry2.o)
    0x080001b0   0x00000004   Code   RO         7605    .ARM.Collect$$$$00000004  mc_w.l(entry5.o)
    0x080001b4   0x00000000   Code   RO         7607    .ARM.Collect$$$$00000008  mc_w.l(entry7b.o)
    0x080001b4   0x00000000   Code   RO         7609    .ARM.Collect$$$$0000000A  mc_w.l(entry8b.o)
    0x080001b4   0x00000008   Code   RO         7610    .ARM.Collect$$$$0000000B  mc_w.l(entry9a.o)
    0x080001bc   0x00000000   Code   RO         7612    .ARM.Collect$$$$0000000D  mc_w.l(entry10a.o)
    0x080001bc   0x00000000   Code   RO         7614    .ARM.Collect$$$$0000000F  mc_w.l(entry11a.o)
    0x080001bc   0x00000004   Code   RO         7603    .ARM.Collect$$$$00002712  mc_w.l(entry2.o)
    0x080001c0   0x0000004c   Code   RO            4    .text               startup_stm32f429_439xx.o
    0x0800020c   0x00000034   Code   RO         5837    .text               cpu_a.o
    0x08000240   0x00000024   Code   RO         7620    .text               mc_w.l(init.o)
    0x08000264   0x0000010c   Code   RO         7509    CODE                os_cpu_a.o
    0x08000370   0x000000c4   Code   RO         5236    i.AppTaskLed1       app.o
    0x08000434   0x000000b8   Code   RO         5237    i.AppTaskLed2       app.o
    0x080004ec   0x000000b4   Code   RO         5238    i.AppTaskLed3       app.o
    0x080005a0   0x00000124   Code   RO         5239    i.AppTaskStart      app.o
    0x080006c4   0x00000040   Code   RO         5647    i.BEEP_GPIO_Config  bsp_beep.o
    0x08000704   0x0000000e   Code   RO         5464    i.BSP_CPU_ClkFreq   bsp.o
    0x08000712   0x00000014   Code   RO         5465    i.BSP_Init          bsp.o
    0x08000726   0x00000004   Code   RO         5161    i.BusFault_Handler  stm32f4xx_it.o
    0x0800072a   0x00000010   Code   RO         5679    i.CPU_Init          cpu_core.o
    0x0800073a   0x00000002   PAD
    0x0800073c   0x00000084   Code   RO         5680    i.CPU_IntDisMeasInit  cpu_core.o
    0x080007c0   0x0000001c   Code   RO         5681    i.CPU_IntDisMeasMaxCalc  cpu_core.o
    0x080007dc   0x0000002c   Code   RO         5682    i.CPU_IntDisMeasMaxCurGet  cpu_core.o
    0x08000808   0x0000002c   Code   RO         5683    i.CPU_IntDisMeasMaxCurReset  cpu_core.o
    0x08000834   0x0000002c   Code   RO         5684    i.CPU_IntDisMeasMaxGet  cpu_core.o
    0x08000860   0x00000034   Code   RO         5685    i.CPU_IntDisMeasStart  cpu_core.o
    0x08000894   0x00000054   Code   RO         5686    i.CPU_IntDisMeasStop  cpu_core.o
    0x080008e8   0x00000038   Code   RO         5687    i.CPU_NameClr       cpu_core.o
    0x08000920   0x00000008   Code   RO         5689    i.CPU_NameInit      cpu_core.o
    0x08000928   0x00000004   Code   RO         5691    i.CPU_SW_Exception  cpu_core.o
    0x0800092c   0x00000014   Code   RO         5693    i.CPU_TS_Init       cpu_core.o
    0x08000940   0x0000000c   Code   RO         5695    i.CPU_TS_TmrFreqSet  cpu_core.o
    0x0800094c   0x00000034   Code   RO         5468    i.CPU_TS_TmrInit    bsp.o
    0x08000980   0x0000000c   Code   RO         5469    i.CPU_TS_TmrRd      bsp.o
    0x0800098c   0x00000002   Code   RO         5162    i.DebugMon_Handler  stm32f4xx_it.o
    0x0800098e   0x00000090   Code   RO         2046    i.GPIO_Init         stm32f4xx_gpio.o
    0x08000a1e   0x00000046   Code   RO         2047    i.GPIO_PinAFConfig  stm32f4xx_gpio.o
    0x08000a64   0x00000004   Code   RO         2053    i.GPIO_ResetBits    stm32f4xx_gpio.o
    0x08000a68   0x00000004   Code   RO         5163    i.HardFault_Handler  stm32f4xx_it.o
    0x08000a6c   0x00000028   Code   RO         5531    i.Key1_Config       bsp_key.o
    0x08000a94   0x00000028   Code   RO         5532    i.Key2_Config       bsp_key.o
    0x08000abc   0x0000000c   Code   RO         5533    i.Key_Initial       bsp_key.o
    0x08000ac8   0x00000064   Code   RO         5580    i.LED_GPIO_Config   bsp_led.o
    0x08000b2c   0x00000004   Code   RO         5164    i.MemManage_Handler  stm32f4xx_it.o
    0x08000b30   0x00000012   Code   RO         6039    i.Mem_Clr           lib_mem.o
    0x08000b42   0x00000002   PAD
    0x08000b44   0x0000004c   Code   RO         6049    i.Mem_Init          lib_mem.o
    0x08000b90   0x00000052   Code   RO         6062    i.Mem_SegCreate     lib_mem.o
    0x08000be2   0x00000002   PAD
    0x08000be4   0x00000020   Code   RO         6063    i.Mem_SegCreateCritical  lib_mem.o
    0x08000c04   0x00000054   Code   RO         6066    i.Mem_Set           lib_mem.o
    0x08000c58   0x00000002   Code   RO         5165    i.NMI_Handler       stm32f4xx_it.o
    0x08000c5a   0x00000002   Code   RO         6374    i.OSCfg_Init        os_cfg_app.o
    0x08000c5c   0x00000014   Code   RO         7512    i.OSIdleTaskHook    os_cpu_c.o
    0x08000c70   0x00000180   Code   RO         6397    i.OSInit            os_core.o
    0x08000df0   0x00000028   Code   RO         7513    i.OSInitHook        os_cpu_c.o
    0x08000e18   0x0000002c   Code   RO         6398    i.OSIntEnter        os_core.o
    0x08000e44   0x000000dc   Code   RO         6399    i.OSIntExit         os_core.o
    0x08000f20   0x00000078   Code   RO         6808    i.OSMutexCreate     os_mutex.o
    0x08000f98   0x000001f0   Code   RO         6810    i.OSMutexPend       os_mutex.o
    0x08001188   0x000001a0   Code   RO         6812    i.OSMutexPost       os_mutex.o
    0x08001328   0x000000a4   Code   RO         6400    i.OSSched           os_core.o
    0x080013cc   0x00000068   Code   RO         6401    i.OSSchedLock       os_core.o
    0x08001434   0x0000008c   Code   RO         6404    i.OSSchedUnlock     os_core.o
    0x080014c0   0x00000068   Code   RO         6405    i.OSStart           os_core.o
    0x08001528   0x00000158   Code   RO         7103    i.OSStatReset       os_stat.o
    0x08001680   0x00000100   Code   RO         7104    i.OSStatTaskCPUUsageInit  os_stat.o
    0x08001780   0x00000014   Code   RO         7514    i.OSStatTaskHook    os_cpu_c.o
    0x08001794   0x000001b4   Code   RO         7134    i.OSTaskCreate      os_task.o
    0x08001948   0x00000018   Code   RO         7515    i.OSTaskCreateHook  os_cpu_c.o
    0x08001960   0x0000019c   Code   RO         7135    i.OSTaskDel         os_task.o
    0x08001afc   0x00000018   Code   RO         7516    i.OSTaskDelHook     os_cpu_c.o
    0x08001b14   0x0000005c   Code   RO         7140    i.OSTaskRegGet      os_task.o
    0x08001b70   0x0000005c   Code   RO         7142    i.OSTaskRegSet      os_task.o
    0x08001bcc   0x00000060   Code   RO         7143    i.OSTaskResume      os_task.o
    0x08001c2c   0x00000018   Code   RO         7517    i.OSTaskReturnHook  os_cpu_c.o
    0x08001c44   0x000001e4   Code   RO         7144    i.OSTaskSemPend     os_task.o
    0x08001e28   0x0000003e   Code   RO         7146    i.OSTaskSemPost     os_task.o
    0x08001e66   0x00000002   PAD
    0x08001e68   0x000000d0   Code   RO         7148    i.OSTaskStkChk      os_task.o
    0x08001f38   0x000002c4   Code   RO         7518    i.OSTaskStkInit     os_cpu_c.o
    0x080021fc   0x00000024   Code   RO         7149    i.OSTaskSuspend     os_task.o
    0x08002220   0x000000d4   Code   RO         7519    i.OSTaskSwHook      os_cpu_c.o
    0x080022f4   0x000000b0   Code   RO         7359    i.OSTimeDly         os_time.o
    0x080023a4   0x0000003c   Code   RO         7362    i.OSTimeGet         os_time.o
    0x080023e0   0x0000005c   Code   RO         7364    i.OSTimeTick        os_time.o
    0x0800243c   0x00000014   Code   RO         7520    i.OSTimeTickHook    os_cpu_c.o
    0x08002450   0x00000040   Code   RO         7521    i.OS_CPU_SysTickHandler  os_cpu_c.o
    0x08002490   0x00000030   Code   RO         7522    i.OS_CPU_SysTickInit  os_cpu_c.o
    0x080024c0   0x000001a8   Code   RO         6631    i.OS_Dbg_Init       os_dbg.o
    0x08002668   0x00000018   Code   RO         6656    i.OS_FlagInit       os_flag.o
    0x08002680   0x0000004c   Code   RO         6407    i.OS_IdleTask       os_core.o
    0x080026cc   0x00000070   Code   RO         6408    i.OS_IdleTaskInit   os_core.o
    0x0800273c   0x00000018   Code   RO         6740    i.OS_MemInit        os_mem.o
    0x08002754   0x0000007c   Code   RO         6772    i.OS_MsgPoolInit    os_msg.o
    0x080027d0   0x00000044   Code   RO         6773    i.OS_MsgQFreeAll    os_msg.o
    0x08002814   0x0000000e   Code   RO         6775    i.OS_MsgQInit       os_msg.o
    0x08002822   0x00000002   PAD
    0x08002824   0x00000030   Code   RO         6814    i.OS_MutexDbgListAdd  os_mutex.o
    0x08002854   0x00000008   Code   RO         6816    i.OS_MutexGrpAdd    os_mutex.o
    0x0800285c   0x00000060   Code   RO         6817    i.OS_MutexGrpPostAll  os_mutex.o
    0x080028bc   0x0000002c   Code   RO         6818    i.OS_MutexGrpPrioFindHighest  os_mutex.o
    0x080028e8   0x0000001c   Code   RO         6819    i.OS_MutexGrpRemove  os_mutex.o
    0x08002904   0x00000018   Code   RO         6820    i.OS_MutexInit      os_mutex.o
    0x0800291c   0x00000068   Code   RO         6409    i.OS_Pend           os_core.o
    0x08002984   0x00000028   Code   RO         6412    i.OS_PendDataInit   os_core.o
    0x080029ac   0x0000005c   Code   RO         6413    i.OS_PendDbgNameAdd  os_core.o
    0x08002a08   0x00000024   Code   RO         6414    i.OS_PendDbgNameRemove  os_core.o
    0x08002a2c   0x0000003a   Code   RO         6415    i.OS_PendListChangePrio  os_core.o
    0x08002a66   0x0000000a   Code   RO         6416    i.OS_PendListInit   os_core.o
    0x08002a70   0x00000066   Code   RO         6418    i.OS_PendListInsertPrio  os_core.o
    0x08002ad6   0x00000034   Code   RO         6419    i.OS_PendListRemove  os_core.o
    0x08002b0a   0x00000042   Code   RO         6420    i.OS_PendListRemove1  os_core.o
    0x08002b4c   0x000000d6   Code   RO         6423    i.OS_Post           os_core.o
    0x08002c22   0x0000002c   Code   RO         6424    i.OS_Post1          os_core.o
    0x08002c4e   0x00000002   PAD
    0x08002c50   0x00000028   Code   RO         6922    i.OS_PrioGetHighest  os_prio.o
    0x08002c78   0x00000018   Code   RO         6923    i.OS_PrioInit       os_prio.o
    0x08002c90   0x00000024   Code   RO         6924    i.OS_PrioInsert     os_prio.o
    0x08002cb4   0x00000024   Code   RO         6925    i.OS_PrioRemove     os_prio.o
    0x08002cd8   0x00000018   Code   RO         6968    i.OS_QInit          os_q.o
    0x08002cf0   0x00000024   Code   RO         6425    i.OS_RdyListInit    os_core.o
    0x08002d14   0x0000002c   Code   RO         6426    i.OS_RdyListInsert  os_core.o
    0x08002d40   0x00000040   Code   RO         6427    i.OS_RdyListInsertHead  os_core.o
    0x08002d80   0x0000003c   Code   RO         6428    i.OS_RdyListInsertTail  os_core.o
    0x08002dbc   0x00000044   Code   RO         6429    i.OS_RdyListMoveHeadToTail  os_core.o
    0x08002e00   0x0000005c   Code   RO         6430    i.OS_RdyListRemove  os_core.o
    0x08002e5c   0x0000001c   Code   RO         6431    i.OS_SchedLockTimeMeasStart  os_core.o
    0x08002e78   0x0000003c   Code   RO         6432    i.OS_SchedLockTimeMeasStop  os_core.o
    0x08002eb4   0x000000ec   Code   RO         6433    i.OS_SchedRoundRobin  os_core.o
    0x08002fa0   0x00000018   Code   RO         7040    i.OS_SemInit        os_sem.o
    0x08002fb8   0x00000324   Code   RO         7105    i.OS_StatTask       os_stat.o
    0x080032dc   0x000000cc   Code   RO         7106    i.OS_StatTaskInit   os_stat.o
    0x080033a8   0x0000002c   Code   RO         6434    i.OS_TaskBlock      os_core.o
    0x080033d4   0x000000ec   Code   RO         7151    i.OS_TaskChangePrio  os_task.o
    0x080034c0   0x00000030   Code   RO         7152    i.OS_TaskDbgListAdd  os_task.o
    0x080034f0   0x00000044   Code   RO         7153    i.OS_TaskDbgListRemove  os_task.o
    0x08003534   0x00000020   Code   RO         7154    i.OS_TaskInit       os_task.o
    0x08003554   0x000000d0   Code   RO         7155    i.OS_TaskInitTCB    os_task.o
    0x08003624   0x0000011c   Code   RO         7157    i.OS_TaskResume     os_task.o
    0x08003740   0x00000018   Code   RO         7158    i.OS_TaskReturn     os_task.o
    0x08003758   0x000001f0   Code   RO         7159    i.OS_TaskSemPost    os_task.o
    0x08003948   0x00000138   Code   RO         7160    i.OS_TaskSuspend    os_task.o
    0x08003a80   0x00000086   Code   RO         7307    i.OS_TickListInsert  os_tick.o
    0x08003b06   0x00000002   PAD
    0x08003b08   0x000000bc   Code   RO         7308    i.OS_TickListInsertDly  os_tick.o
    0x08003bc4   0x00000058   Code   RO         7309    i.OS_TickListRemove  os_tick.o
    0x08003c1c   0x00000002   Code   RO         7310    i.OS_TickListResetPeak  os_tick.o
    0x08003c1e   0x00000002   PAD
    0x08003c20   0x000000a0   Code   RO         7311    i.OS_TickListUpdateDly  os_tick.o
    0x08003cc0   0x0000011c   Code   RO         7312    i.OS_TickListUpdateTimeout  os_tick.o
    0x08003ddc   0x0000006c   Code   RO         7313    i.OS_TickTask       os_tick.o
    0x08003e48   0x000000c8   Code   RO         7314    i.OS_TickTaskInit   os_tick.o
    0x08003f10   0x00000134   Code   RO         7410    i.OS_TmrInit        os_tmr.o
    0x08004044   0x00000018   Code   RO         7411    i.OS_TmrLock        os_tmr.o
    0x0800405c   0x00000002   Code   RO         7412    i.OS_TmrResetPeak   os_tmr.o
    0x0800405e   0x00000002   PAD
    0x08004060   0x00000094   Code   RO         7413    i.OS_TmrTask        os_tmr.o
    0x080040f4   0x00000044   Code   RO         7414    i.OS_TmrUnlink      os_tmr.o
    0x08004138   0x00000014   Code   RO         7415    i.OS_TmrUnlock      os_tmr.o
    0x0800414c   0x00000020   Code   RO         2960    i.RCC_AHB1PeriphClockCmd  stm32f4xx_rcc.o
    0x0800416c   0x00000020   Code   RO         2972    i.RCC_APB2PeriphClockCmd  stm32f4xx_rcc.o
    0x0800418c   0x000000e8   Code   RO         2981    i.RCC_GetClocksFreq  stm32f4xx_rcc.o
    0x08004274   0x00000002   Code   RO         5167    i.SVC_Handler       stm32f4xx_it.o
    0x08004276   0x00000002   PAD
    0x08004278   0x00000120   Code   RO           13    i.SetSysClock       system_stm32f4xx.o
    0x08004398   0x00000068   Code   RO           15    i.SystemInit        system_stm32f4xx.o
    0x08004400   0x00000018   Code   RO         4907    i.USART_Cmd         stm32f4xx_usart.o
    0x08004418   0x000000d4   Code   RO         4914    i.USART_Init        stm32f4xx_usart.o
    0x080044ec   0x00000098   Code   RO         5607    i.USARTx_Config     bsp_usart.o
    0x08004584   0x00000004   Code   RO         5169    i.UsageFault_Handler  stm32f4xx_it.o
    0x08004588   0x0000000e   Code   RO         7624    i.__scatterload_copy  mc_w.l(handlers.o)
    0x08004596   0x00000002   Code   RO         7625    i.__scatterload_null  mc_w.l(handlers.o)
    0x08004598   0x0000000e   Code   RO         7626    i.__scatterload_zeroinit  mc_w.l(handlers.o)
    0x080045a6   0x00000002   PAD
    0x080045a8   0x00000060   Code   RO         5240    i.main              app.o
    0x08004608   0x00000094   Data   RO         6376    .constdata          os_cfg_app.o
    0x0800469c   0x0000016c   Data   RO         6632    .constdata          os_dbg.o
    0x08004808   0x00000020   Data   RO         7622    Region$$Table       anon$$obj.o


    Execution Region RW_IRAM1 (Base: 0x20000000, Size: 0x00004e58, Max: 0x00030000, ABSOLUTE)

    Base Addr    Size         Type   Attr      Idx    E Section Name        Object

    0x20000000   0x00000010   Data   RW         3013    .data               stm32f4xx_rcc.o
    0x20000010   0x00000004   Data   RW         5242    .data               app.o
    0x20000014   0x0000001c   Data   RW         5699    .data               cpu_core.o
    0x20000030   0x00000004   Data   RW         6068    .data               lib_mem.o
    0x20000034   0x00000008   Data   RW         6926    .data               os_prio.o
    0x2000003c   0x000000d4   Data   RW         7496    .data               os_var.o
    0x20000110   0x00000004   Data   RW         7523    .data               os_cpu_c.o
    0x20000114   0x00001d30   Zero   RW         5241    .bss                app.o
    0x20001e44   0x00000010   Zero   RW         5697    .bss                cpu_core.o
    0x20001e54   0x00000c14   Zero   RW         6067    .bss                lib_mem.o
    0x20002a68   0x00000d80   Zero   RW         6375    .bss                os_cfg_app.o
    0x200037e8   0x0000066c   Zero   RW         7495    .bss                os_var.o
    0x20003e54   0x00000004   PAD
    0x20003e58   0x00001000   Zero   RW            1    STACK               startup_stm32f429_439xx.o


==============================================================================

Image component sizes


      Code (inc. data)   RO Data    RW Data    ZI Data      Debug   Object Name

       948        160          0          4       7472      32357   app.o
        98         14          0          0          0       2169   bsp.o
        64          6          0          0          0        595   bsp_beep.o
        92         10          0          0          0       1598   bsp_key.o
       100          4          0          0          0        622   bsp_led.o
       152          8          0          0          0        708   bsp_usart.o
        52          0          0          0          0        352   cpu_a.o
         0          0          0          0          0       7848   cpu_c.o
       544         98          0         28         16       9995   cpu_core.o
       292         26          0          4       3092      15361   lib_mem.o
         0          0          0          0          0      39110   os_app_hooks.o
         2          0        148          0       3456      19631   os_cfg_app.o
      2898        380          0          0          0      21458   os_core.o
       268         14          0          0          0        440   os_cpu_a.o
      1204        170          0          4          0      27499   os_cpu_c.o
       424        278        364          0          0       4825   os_dbg.o
        24         10          0          0          0        930   os_flag.o
        24         10          0          0          0        937   os_mem.o
       206         20          0          0          0       2456   os_msg.o
      1280         56          0          0          0       7431   os_mutex.o
       136         16          0          8          0       3066   os_prio.o
        24         10          0          0          0        931   os_q.o
        24         10          0          0          0        929   os_sem.o
      1608        196          0          0          0       4175   os_stat.o
      3626        182          0          0          0      15911   os_task.o
      1164         88          0          0          0       6622   os_tick.o
       328         38          0          0          0       2401   os_time.o
       570        142          0          0          0       4239   os_tmr.o
         0          0          0        212       1644      18212   os_var.o
        76         16        428          0       4096       1020   startup_stm32f429_439xx.o
       218          0          0          0          0       2708   stm32f4xx_gpio.o
        22          0          0          0          0       3487   stm32f4xx_it.o
       296         30          0         16          0       4478   stm32f4xx_rcc.o
       236          8          0          0          0       2337   stm32f4xx_usart.o
       392         32          0          0          0     274781   system_stm32f4xx.o

    ----------------------------------------------------------------------
     17412       2032        972        276      19780     541619   Object Totals
         0          0         32          0          0          0   (incl. Generated)
        20          0          0          0          4          0   (incl. Padding)

    ----------------------------------------------------------------------

      Code (inc. data)   RO Data    RW Data    ZI Data      Debug   Library Member Name

         0          0          0          0          0          0   entry.o
         0          0          0          0          0          0   entry10a.o
         0          0          0          0          0          0   entry11a.o
         8          4          0          0          0          0   entry2.o
         4          0          0          0          0          0   entry5.o
         0          0          0          0          0          0   entry7b.o
         0          0          0          0          0          0   entry8b.o
         8          4          0          0          0          0   entry9a.o
        30          0          0          0          0          0   handlers.o
        36          8          0          0          0         68   init.o

    ----------------------------------------------------------------------
        88         16          0          0          0         68   Library Totals
         2          0          0          0          0          0   (incl. Padding)

    ----------------------------------------------------------------------

      Code (inc. data)   RO Data    RW Data    ZI Data      Debug   Library Name

        86         16          0          0          0         68   mc_w.l

    ----------------------------------------------------------------------
        88         16          0          0          0         68   Library Totals

    ----------------------------------------------------------------------

==============================================================================


      Code (inc. data)   RO Data    RW Data    ZI Data      Debug   

     17500       2048        972        276      19780     527191   Grand Totals
     17500       2048        972        276      19780     527191   ELF Image Totals
     17500       2048        972        276          0          0   ROM Totals

==============================================================================

    Total RO  Size (Code + RO Data)                18472 (  18.04kB)
    Total RW  Size (RW Data + ZI Data)             20056 (  19.59kB)
    Total ROM Size (Code + RO Data + RW Data)      18748 (  18.31kB)

==============================================================================

